Component: ARM Compiler 5.06 update 4 (build 422) Tool: armlink [4d35d2]

==============================================================================

Section Cross References

    main.o(.text) refers to _printf_percent.o(.ARM.Collect$$_printf_percent$$00000000) for _printf_percent
    main.o(.text) refers to _printf_d.o(.ARM.Collect$$_printf_percent$$00000009) for _printf_d
    main.o(.text) refers to _printf_f.o(.ARM.Collect$$_printf_percent$$00000003) for _printf_f
    main.o(.text) refers to _printf_dec.o(.text) for _printf_int_dec
    main.o(.text) refers to printf1.o(x$fpl$printf1) for _printf_fp_dec
    main.o(.text) refers to ctrl.o(.text) for Calculate_State
    main.o(.text) refers to os_time.o(.text) for OSTimeDlyHMSM
    main.o(.text) refers to cpu_a.o(.text) for CPU_SR_Save
    main.o(.text) refers to usart2.o(.text) for Data_Process
    main.o(.text) refers to os_core.o(.text) for OS_Sched0
    main.o(.text) refers to usart.o(.text) for Process
    main.o(.text) refers to f2d.o(x$fpl$f2d) for __aeabi_f2d
    main.o(.text) refers to noretval__2printf.o(.text) for __2printf
    main.o(.text) refers to led.o(.text) for led_turn
    main.o(.text) refers to cpu_core.o(.text) for CPU_Init
    main.o(.text) refers to os_stat.o(.text) for OSStatTaskCPUUsageInit
    main.o(.text) refers to os_flag.o(.text) for OSFlagCreate
    main.o(.text) refers to os_task.o(.text) for OSTaskCreate
    main.o(.text) refers to usart2.o(.data) for Process_finish_flag
    main.o(.text) refers to os_var.o(.data) for OSSchedLockNestingCtr
    main.o(.text) refers to usart.o(.data) for Process_finish_flag_exp_state
    main.o(.text) refers to common_fcn.o(.bss) for State
    main.o(.text) refers to main.o(.bss) for usart2_flags_group
    main.o(.text) refers to delay.o(.text) for delay_init
    main.o(.text) refers to misc.o(.text) for NVIC_PriorityGroupConfig
    main.o(.text) refers to usart3.o(.text) for uart3_init
    main.o(.text) refers to pwm.o(.text) for PWM_Init
    main.o(.text) refers to exti.o(.text) for EXTIX_Init
    system_stm32f4xx.o(.text) refers to system_stm32f4xx.o(.data) for SystemCoreClock
    ctrl.o(.text) refers to pwm.o(.text) for motor_pid
    ctrl.o(.text) refers to f2d.o(x$fpl$f2d) for __aeabi_f2d
    ctrl.o(.text) refers to sqrt.o(i.__hardfp_sqrt) for __hardfp_sqrt
    ctrl.o(.text) refers to ddiv.o(x$fpl$ddiv) for __aeabi_ddiv
    ctrl.o(.text) refers to dmul.o(x$fpl$dmul) for __aeabi_dmul
    ctrl.o(.text) refers to daddsub_clz.o(x$fpl$dadd) for __aeabi_dadd
    ctrl.o(.text) refers to d2f.o(x$fpl$d2f) for __aeabi_d2f
    ctrl.o(.text) refers to daddsub_clz.o(x$fpl$dsub) for __aeabi_dsub
    ctrl.o(.text) refers to common_fcn.o(.text) for my_abs
    ctrl.o(.text) refers to common_fcn.o(.bss) for State
    ctrl.o(.text) refers to ctrl.o(.data) for temp1
    ctrl.o(.text) refers to os_time.o(.text) for OSTimeGet
    ctrl.o(.text) refers to atan.o(i.__hardfp_atan) for __hardfp_atan
    ctrl.o(.text) refers to cos.o(i.__hardfp_cos) for __hardfp_cos
    ctrl.o(.text) refers to sin.o(i.__hardfp_sin) for __hardfp_sin
    ctrl.o(.text) refers to basic.o(x$fpl$basic) for __aeabi_dneg
    ctrl.o(.text) refers to dflt_clz.o(x$fpl$dflt) for __aeabi_i2d
    ctrl.o(.text) refers to atan2.o(i.__hardfp_atan2) for __hardfp_atan2
    ctrl.o(.text) refers to ctrl.o(.bss) for linear_vxy
    ctrl.o(.text) refers to common_fcn.o(.data) for steps_L
    brocaster.o(.text) refers to _printf_percent.o(.ARM.Collect$$_printf_percent$$00000000) for _printf_percent
    brocaster.o(.text) refers to _printf_d.o(.ARM.Collect$$_printf_percent$$00000009) for _printf_d
    brocaster.o(.text) refers to _printf_dec.o(.text) for _printf_int_dec
    brocaster.o(.text) refers to common_fcn.o(.text) for my_abs
    brocaster.o(.text) refers to noretval__2sprintf.o(.text) for __2sprintf
    brocaster.o(.text) refers to usart.o(.text) for UART1_Put_String_with_space
    brocaster.o(.text) refers to common_fcn.o(.bss) for State
    led.o(.text) refers to stm32f4xx_rcc.o(.text) for RCC_AHB1PeriphClockCmd
    led.o(.text) refers to stm32f4xx_gpio.o(.text) for GPIO_Init
    exti.o(.text) refers to os_core.o(.text) for OSIntEnter
    exti.o(.text) refers to stm32f4xx_exti.o(.text) for EXTI_GetITStatus
    exti.o(.text) refers to noretval__2printf.o(.text) for __2printf
    exti.o(.text) refers to stm32f4xx_rcc.o(.text) for RCC_AHB1PeriphClockCmd
    exti.o(.text) refers to stm32f4xx_gpio.o(.text) for GPIO_Init
    exti.o(.text) refers to stm32f4xx_syscfg.o(.text) for SYSCFG_EXTILineConfig
    exti.o(.text) refers to misc.o(.text) for NVIC_Init
    exti.o(.text) refers to common_fcn.o(.data) for steps2
    pwm.o(.text) refers to stm32f4xx_rcc.o(.text) for RCC_APB2PeriphClockCmd
    pwm.o(.text) refers to stm32f4xx_gpio.o(.text) for GPIO_PinAFConfig
    pwm.o(.text) refers to stm32f4xx_tim.o(.text) for TIM_TimeBaseInit
    pwm.o(.text) refers to os_time.o(.text) for OSTimeGet
    pwm.o(.text) refers to f2d.o(x$fpl$f2d) for __aeabi_f2d
[...]
    Str_Str_N                                0x08006cd7   Thumb Code   182  lib_str.o(.text)
    Str_Str                                  0x08006d8d   Thumb Code    24  lib_str.o(.text)
    Str_FmtNbr_Int32U                        0x08006f81   Thumb Code    46  lib_str.o(.text)
    Str_FmtNbr_Int32S                        0x08006faf   Thumb Code    62  lib_str.o(.text)
    Str_ParseNbr_Int32U                      0x080071ab   Thumb Code    30  lib_str.o(.text)
    Str_ParseNbr_Int32S                      0x080071c9   Thumb Code    74  lib_str.o(.text)
    Mem_Copy                                 0x08007219   Thumb Code     0  lib_mem_a.o(.text)
    OSCfg_Init                               0x08007439   Thumb Code    86  os_cfg_app.o(.text)
    OS_IdleTask                              0x08007535   Thumb Code    60  os_core.o(.text)
    OS_IdleTaskInit                          0x08007571   Thumb Code    68  os_core.o(.text)
    OS_RdyListInit                           0x080075b5   Thumb Code    32  os_core.o(.text)
    OSInit                                   0x080075d5   Thumb Code   300  os_core.o(.text)
    OSIntEnter                               0x08007701   Thumb Code    34  os_core.o(.text)
    OSIntExit                                0x08007723   Thumb Code   188  os_core.o(.text)
    OSSched                                  0x080077df   Thumb Code   130  os_core.o(.text)
    OS_SchedLockTimeMeasStart                0x08007861   Thumb Code    20  os_core.o(.text)
    OSSchedLock                              0x08007875   Thumb Code   104  os_core.o(.text)
    OS_SchedLockTimeMeasStop                 0x080078dd   Thumb Code    44  os_core.o(.text)
    OSSchedUnlock                            0x08007909   Thumb Code   286  os_core.o(.text)
    OSSchedRoundRobinCfg                     0x08007a27   Thumb Code    88  os_core.o(.text)
    OS_RdyListMoveHeadToTail                 0x08007a7f   Thumb Code    68  os_core.o(.text)
    OSSchedRoundRobinYield                   0x08007ac3   Thumb Code   164  os_core.o(.text)
    OSStart                                  0x08007b67   Thumb Code    78  os_core.o(.text)
    OSVersion                                0x08007bb5   Thumb Code    12  os_core.o(.text)
    OS_PendDbgNameAdd                        0x08007bc1   Thumb Code    66  os_core.o(.text)
    OS_PendListInsertPrio                    0x08007c03   Thumb Code   102  os_core.o(.text)
    OS_PendDataInit                          0x08007c69   Thumb Code    38  os_core.o(.text)
    OS_RdyListRemove                         0x08007c8f   Thumb Code    86  os_core.o(.text)
    OS_TaskBlock                             0x08007ce5   Thumb Code    56  os_core.o(.text)
    OS_Pend                                  0x08007d1d   Thumb Code    98  os_core.o(.text)
    OS_PendListRemove1                       0x08007d7f   Thumb Code   136  os_core.o(.text)
    OS_PendListRemove                        0x08007e07   Thumb Code    48  os_core.o(.text)
    OS_PendAbort1                            0x08007e37   Thumb Code    36  os_core.o(.text)
    OS_RdyListInsertHead                     0x08007e5b   Thumb Code    58  os_core.o(.text)
    OS_RdyListInsertTail                     0x08007e95   Thumb Code    56  os_core.o(.text)
    OS_RdyListInsert                         0x08007ecd   Thumb Code    40  os_core.o(.text)
    OS_TaskRdy                               0x08007ef5   Thumb Code    28  os_core.o(.text)
    OS_PendAbort                             0x08007f11   Thumb Code   166  os_core.o(.text)
    OS_PendDbgNameRemove                     0x08007fb7   Thumb Code    34  os_core.o(.text)
    OS_PendListChangePrio                    0x08007fd9   Thumb Code    70  os_core.o(.text)
    OS_PendListInit                          0x0800801f   Thumb Code    10  os_core.o(.text)
    OS_PendListInsertHead                    0x08008029   Thumb Code    32  os_core.o(.text)
    OS_PendObjDel1                           0x08008049   Thumb Code    36  os_core.o(.text)
    OS_PendObjDel                            0x0800806d   Thumb Code   162  os_core.o(.text)
    OS_Post1                                 0x0800810f   Thumb Code    42  os_core.o(.text)
    OS_Post                                  0x08008139   Thumb Code   192  os_core.o(.text)
    OS_Sched0                                0x080081f9   Thumb Code    68  os_core.o(.text)
    OS_SchedRoundRobin                       0x0800823d   Thumb Code   218  os_core.o(.text)
    OS_Dbg_Init                              0x08008325   Thumb Code   146  os_dbg.o(.text)
    OS_FlagDbgListAdd                        0x080084d5   Thumb Code    38  os_flag.o(.text)
    OSFlagCreate                             0x080084fb   Thumb Code   172  os_flag.o(.text)
    OS_FlagClr                               0x080085a7   Thumb Code    28  os_flag.o(.text)
    OS_FlagDbgListRemove                     0x080085c3   Thumb Code    44  os_flag.o(.text)
    OSFlagDel                                0x080085ef   Thumb Code   594  os_flag.o(.text)
    OS_FlagBlock                             0x08008841   Thumb Code    58  os_flag.o(.text)
    OSFlagPend                               0x0800887b   Thumb Code  1488  os_flag.o(.text)
    OSFlagPendAbort                          0x08008e4b   Thumb Code   292  os_flag.o(.text)
    OSFlagPendGetFlagsRdy                    0x08008f6f   Thumb Code    68  os_flag.o(.text)
    OS_FlagTaskRdy                           0x08008fb3   Thumb Code    86  os_flag.o(.text)
    OS_FlagPost                              0x08009009   Thumb Code   570  os_flag.o(.text)
    OSFlagPost                               0x08009243   Thumb Code   146  os_flag.o(.text)
    OS_FlagInit                              0x080092d5   Thumb Code    14  os_flag.o(.text)
    OS_IntQPost                              0x080092fd   Thumb Code   216  os_int.o(.text)
    OS_IntQRePost                            0x080093d5   Thumb Code   360  os_int.o(.text)
    OS_IntQTask                              0x0800953d   Thumb Code   162  os_int.o(.text)
    OS_IntQTaskInit                          0x080095df   Thumb Code   208  os_int.o(.text)
    OS_MemDbgListAdd                         0x08009741   Thumb Code    34  os_mem.o(.text)
    OSMemCreate                              0x08009763   Thumb Code   288  os_mem.o(.text)
    OSMemGet                                 0x08009883   Thumb Code   100  os_mem.o(.text)
    OSMemPut                                 0x080098e7   Thumb Code   112  os_mem.o(.text)
    OS_MemInit                               0x08009957   Thumb Code    14  os_mem.o(.text)
    OS_MsgPoolCreate                         0x08009979   Thumb Code    54  os_msg.o(.text)
    OS_MsgPoolInit                           0x080099af   Thumb Code    70  os_msg.o(.text)
    OS_MsgQFreeAll                           0x080099f5   Thumb Code    62  os_msg.o(.text)
    OS_MsgQInit                              0x08009a33   Thumb Code    14  os_msg.o(.text)
    OS_MsgQGet                               0x08009a41   Thumb Code    98  os_msg.o(.text)
    OS_MsgQPut                               0x08009aa3   Thumb Code   246  os_msg.o(.text)
    OS_MutexDbgListAdd                       0x08009ba5   Thumb Code    38  os_mutex.o(.text)
    OSMutexCreate                            0x08009bcb   Thumb Code   178  os_mutex.o(.text)
    OS_MutexClr                              0x08009c7d   Thumb Code    38  os_mutex.o(.text)
    OS_MutexDbgListRemove                    0x08009ca3   Thumb Code    44  os_mutex.o(.text)
    OSMutexDel                               0x08009ccf   Thumb Code   842  os_mutex.o(.text)
    OSMutexPend                              0x0800a019   Thumb Code   706  os_mutex.o(.text)
    OSMutexPendAbort                         0x0800a2db   Thumb Code   314  os_mutex.o(.text)
    OSMutexPost                              0x0800a415   Thumb Code   564  os_mutex.o(.text)
    OS_MutexInit                             0x0800a649   Thumb Code    14  os_mutex.o(.text)
    OS_PrioInit                              0x0800a679   Thumb Code    20  os_prio.o(.text)
    OS_PrioGetHighest                        0x0800a68d   Thumb Code    36  os_prio.o(.text)
    OS_PrioInsert                            0x0800a6b1   Thumb Code    32  os_prio.o(.text)
    OS_PrioRemove                            0x0800a6d1   Thumb Code    32  os_prio.o(.text)
    OS_QDbgListAdd                           0x0800a6f5   Thumb Code    38  os_q.o(.text)
    OSQCreate                                0x0800a71b   Thumb Code   186  os_q.o(.text)
    OS_QClr                                  0x0800a7d5   Thumb Code    40  os_q.o(.text)
    OS_QDbgListRemove                        0x0800a7fd   Thumb Code    44  os_q.o(.text)
    OSQDel                                   0x0800a829   Thumb Code   362  os_q.o(.text)
    OSQFlush                                 0x0800a993   Thumb Code   210  os_q.o(.text)
    OSQPend                                  0x0800aa65   Thumb Code   538  os_q.o(.text)
    OSQPendAbort                             0x0800ac7f   Thumb Code   292  os_q.o(.text)
    OS_QPost                                 0x0800ada3   Thumb Code   324  os_q.o(.text)
    OSQPost                                  0x0800aee7   Thumb Code   198  os_q.o(.text)
    OS_QInit                                 0x0800afad   Thumb Code    14  os_q.o(.text)
    OS_SemDbgListAdd                         0x0800afcd   Thumb Code    38  os_sem.o(.text)
    OSSemCreate                              0x0800aff3   Thumb Code   172  os_sem.o(.text)
    OS_SemClr                                0x0800b09f   Thumb Code    28  os_sem.o(.text)
    OS_SemDbgListRemove                      0x0800b0bb   Thumb Code    44  os_sem.o(.text)
    OSSemDel                                 0x0800b0e7   Thumb Code   362  os_sem.o(.text)
    OSSemPend                                0x0800b251   Thumb Code   504  os_sem.o(.text)
    OSSemPendAbort                           0x0800b449   Thumb Code   292  os_sem.o(.text)
    OS_SemPost                               0x0800b56d   Thumb Code   350  os_sem.o(.text)
    OSSemPost                                0x0800b6cb   Thumb Code   144  os_sem.o(.text)
    OSSemSet                                 0x0800b75b   Thumb Code   138  os_sem.o(.text)
    OS_SemInit                               0x0800b7e5   Thumb Code    14  os_sem.o(.text)
    OSStatReset                              0x0800b7fd   Thumb Code   270  os_stat.o(.text)
    OSStatTaskCPUUsageInit                   0x0800b90b   Thumb Code   212  os_stat.o(.text)
    OS_StatTask                              0x0800b9df   Thumb Code   888  os_stat.o(.text)
    OS_StatTaskInit                          0x0800bd57   Thumb Code   138  os_stat.o(.text)
    OSTaskChangePrio                         0x0800be35   Thumb Code   416  os_task.o(.text)
    OS_TaskDbgListAdd                        0x0800bfd5   Thumb Code    42  os_task.o(.text)
    OS_TaskInitTCB                           0x0800bfff   Thumb Code   190  os_task.o(.text)
    OSTaskCreate                             0x0800c0bd   Thumb Code   616  os_task.o(.text)
    OS_TaskDbgListRemove                     0x0800c325   Thumb Code    64  os_task.o(.text)
    OSTaskDel                                0x0800c365   Thumb Code   424  os_task.o(.text)
    OSTaskQFlush                             0x0800c50d   Thumb Code   214  os_task.o(.text)
    OSTaskQPend                              0x0800c5e3   Thumb Code   554  os_task.o(.text)
    OSTaskQPendAbort                         0x0800c80d   Thumb Code   242  os_task.o(.text)
    OS_TaskQPost                             0x0800c8ff   Thumb Code   526  os_task.o(.text)
    OSTaskQPost                              0x0800cb0d   Thumb Code   114  os_task.o(.text)
    OSTaskRegGet                             0x0800cb7f   Thumb Code    78  os_task.o(.text)
    OSTaskRegGetID                           0x0800cbcd   Thumb Code    84  os_task.o(.text)
    OSTaskRegSet                             0x0800cc21   Thumb Code    78  os_task.o(.text)
    OS_TaskResume                            0x0800cc6f   Thumb Code   314  os_task.o(.text)
    OSTaskResume                             0x0800cda9   Thumb Code   112  os_task.o(.text)
    OSTaskSemPend                            0x0800ce19   Thumb Code   550  os_task.o(.text)
    OSTaskSemPendAbort                       0x0800d03f   Thumb Code   270  os_task.o(.text)
    OS_TaskSemPost                           0x0800d14d   Thumb Code  1224  os_task.o(.text)
    OSTaskSemPost                            0x0800d615   Thumb Code    98  os_task.o(.text)
    OSTaskSemSet                             0x0800d677   Thumb Code    80  os_task.o(.text)
    OSTaskStkChk                             0x0800d6c7   Thumb Code   224  os_task.o(.text)
    OS_TaskSuspend                           0x0800d7a7   Thumb Code   328  os_task.o(.text)
    OSTaskSuspend                            0x0800d8ef   Thumb Code    78  os_task.o(.text)
    OSTaskTimeQuantaSet                      0x0800d93d   Thumb Code    96  os_task.o(.text)
    OS_TaskInit                              0x0800d99d   Thumb Code    18  os_task.o(.text)
    OS_TaskReturn                            0x0800d9af   Thumb Code    20  os_task.o(.text)
    OS_TickListRemove                        0x0800d9ed   Thumb Code    56  os_tick.o(.text)
    OS_TickListUpdate                        0x0800da25   Thumb Code   480  os_tick.o(.text)
    OS_TickTask                              0x0800dc05   Thumb Code    38  os_tick.o(.text)
    OS_TickListInit                          0x0800dc2b   Thumb Code    32  os_tick.o(.text)
    OS_TickTaskInit                          0x0800dc4b   Thumb Code   130  os_tick.o(.text)
    OS_TickListInsert                        0x0800dccd   Thumb Code   502  os_tick.o(.text)
    OS_TickListResetPeak                     0x0800dec3   Thumb Code    28  os_tick.o(.text)
    OSTimeDly                                0x0800dee9   Thumb Code   266  os_time.o(.text)
    OSTimeDlyHMSM                            0x0800dff3   Thumb Code   480  os_time.o(.text)
    OSTimeDlyResume                          0x0800e1d3   Thumb Code   466  os_time.o(.text)
    OSTimeGet                                0x0800e3a5   Thumb Code    46  os_time.o(.text)
    OSTimeSet                                0x0800e3d3   Thumb Code    46  os_time.o(.text)
    OSTimeTick                               0x0800e401   Thumb Code    54  os_time.o(.text)
    OS_TmrDbgListAdd                         0x0800e44d   Thumb Code    34  os_tmr.o(.text)
    OSTmrCreate                              0x0800e46f   Thumb Code   248  os_tmr.o(.text)
    OS_TmrClr                                0x0800e567   Thumb Code    36  os_tmr.o(.text)
    OS_TmrUnlink                             0x0800e58b   Thumb Code    72  os_tmr.o(.text)
    OS_TmrDbgListRemove                      0x0800e5d3   Thumb Code    44  os_tmr.o(.text)
    OSTmrDel                                 0x0800e5ff   Thumb Code   176  os_tmr.o(.text)
    OSTmrRemainGet                           0x0800e6af   Thumb Code   184  os_tmr.o(.text)
    OS_TmrLink                               0x0800e767   Thumb Code   196  os_tmr.o(.text)
    OSTmrStart                               0x0800e82b   Thumb Code   210  os_tmr.o(.text)
    OSTmrStateGet                            0x0800e8fd   Thumb Code   134  os_tmr.o(.text)
    OSTmrStop                                0x0800e983   Thumb Code   232  os_tmr.o(.text)
    OS_TmrTask                               0x0800ea6b   Thumb Code   176  os_tmr.o(.text)
    OS_TmrInit                               0x0800eb1b   Thumb Code   208  os_tmr.o(.text)
    OS_TmrResetPeak                          0x0800ebeb   Thumb Code    28  os_tmr.o(.text)
    OSIdleTaskHook                           0x0800ec65   Thumb Code    16  os_cpu_c.o(.text)
    OSInitHook                               0x0800ec75   Thumb Code    28  os_cpu_c.o(.text)
    OSStatTaskHook                           0x0800ec91   Thumb Code    16  os_cpu_c.o(.text)
    OSTaskCreateHook                         0x0800eca1   Thumb Code    20  os_cpu_c.o(.text)
    OSTaskDelHook                            0x0800ecb5   Thumb Code    20  os_cpu_c.o(.text)
    OSTaskReturnHook                         0x0800ecc9   Thumb Code    20  os_cpu_c.o(.text)
    OSTaskStkInit                            0x0800ecdd   Thumb Code   600  os_cpu_c.o(.text)
    OSTaskSwHook                             0x0800ef35   Thumb Code   120  os_cpu_c.o(.text)
    OSTimeTickHook                           0x0800efad   Thumb Code    16  os_cpu_c.o(.text)
    OS_CPU_SysTickHandler                    0x0800efbd   Thumb Code    52  os_cpu_c.o(.text)
    OS_CPU_SysTickInit                       0x0800eff1   Thumb Code    44  os_cpu_c.o(.text)
    __use_no_semihosting                     0x0800f05d   Thumb Code     2  use_no_semi_2.o(.text)
    __aeabi_uldivmod                         0x0800f05f   Thumb Code     0  lludivv7m.o(.text)
    _ll_udiv                                 0x0800f05f   Thumb Code   238  lludivv7m.o(.text)
    __2printf                                0x0800f14d   Thumb Code    20  noretval__2printf.o(.text)
    __2sprintf                               0x0800f165   Thumb Code    34  noretval__2sprintf.o(.text)
    __printf                                 0x0800f18d   Thumb Code   104  __printf.o(.text)
    _printf_int_dec                          0x0800f1f5   Thumb Code   104  _printf_dec.o(.text)
    strtok                                   0x0800f26d   Thumb Code     6  strtok.o(.text)
    strcmp                                   0x0800f279   Thumb Code   128  strcmpv7m.o(.text)
    __use_two_region_memory                  0x0800f2f9   Thumb Code     2  heapauxi.o(.text)
    __rt_heap_escrow$2region                 0x0800f2fb   Thumb Code     2  heapauxi.o(.text)
    __rt_heap_expand$2region                 0x0800f2fd   Thumb Code     2  heapauxi.o(.text)
    __I$use$semihosting                      0x0800f2ff   Thumb Code     0  use_no_semi.o(.text)
    __use_no_semihosting_swi                 0x0800f2ff   Thumb Code     2  use_no_semi.o(.text)
    __read_errno                             0x0800f301   Thumb Code    10  _rserrno.o(.text)
    __set_errno                              0x0800f30b   Thumb Code    12  _rserrno.o(.text)
    _printf_int_common                       0x0800f317   Thumb Code   178  _printf_intcommon.o(.text)
    __lib_sel_fp_printf                      0x0800f3c9   Thumb Code     2  _printf_fp_dec.o(.text)
    _printf_fp_dec_real                      0x0800f577   Thumb Code   620  _printf_fp_dec.o(.text)
    _printf_char_common                      0x0800f7ef   Thumb Code    32  _printf_char_common.o(.text)
    _sputc                                   0x0800f815   Thumb Code    10  _sputc.o(.text)
    _printf_char_file                        0x0800f821   Thumb Code    32  _printf_char_file.o(.text)
    __strtod_int                             0x0800f881   Thumb Code    90  strtod.o(.text)
    __strtok_internal                        0x0800f8e9   Thumb Code    64  strtok_int.o(.text)
    __rt_locale                              0x0800f92d   Thumb Code     8  rt_locale_intlibspace.o(.text)
    __aeabi_errno_addr                       0x0800f935   Thumb Code     8  rt_errno_addr_intlibspace.o(.text)
    __errno$intlibspace                      0x0800f935   Thumb Code     0  rt_errno_addr_intlibspace.o(.text)
    __rt_errno_addr$intlibspace              0x0800f935   Thumb Code     0  rt_errno_addr_intlibspace.o(.text)
    _ll_udiv10                               0x0800f93d   Thumb Code   138  lludiv10.o(.text)
    isspace                                  0x0800f9c7   Thumb Code    18  isspace.o(.text)
    _printf_fp_infnan                        0x0800f9d9   Thumb Code   112  _printf_fp_infnan.o(.text)
    _sgetc                                   0x0800fa59   Thumb Code    30  _sgetc.o(.text)
    _sbackspace                              0x0800fa77   Thumb Code    34  _sgetc.o(.text)
    _btod_etento                             0x0800fa99   Thumb Code   216  bigflt0.o(.text)
    ferror                                   0x0800fb75   Thumb Code     8  ferror.o(.text)
    strcspn                                  0x0800fb7d   Thumb Code    32  strcspn.o(.text)
    strspn                                   0x0800fb9d   Thumb Code    28  strspn.o(.text)
    __user_libspace                          0x0800fbb9   Thumb Code     8  libspace.o(.text)
    __user_perproc_libspace                  0x0800fbb9   Thumb Code     0  libspace.o(.text)
    __user_perthread_libspace                0x0800fbb9   Thumb Code     0  libspace.o(.text)
    __user_setup_stackheap                   0x0800fbc1   Thumb Code    74  sys_stackheap_outer.o(.text)
    __rt_ctype_table                         0x0800fc0d   Thumb Code    16  rt_ctype_table.o(.text)
    _scanf_really_real                       0x0800fe19   Thumb Code   668  scanf_fp.o(.text)
    exit                                     0x080100c1   Thumb Code    18  exit.o(.text)
    _scanf_really_hex_real                   0x080100d5   Thumb Code   786  scanf_hexfp.o(.text)
    _scanf_really_infnan                     0x080103f5   Thumb Code   292  scanf_infnan.o(.text)
    __aeabi_llsl                             0x08010529   Thumb Code     0  llshl.o(.text)
    _ll_shift_l                              0x08010529   Thumb Code    38  llshl.o(.text)
    _chval                                   0x0801054f   Thumb Code    28  _chval.o(.text)
    _btod_d2e                                0x0801056b   Thumb Code    62  btod.o(CL$$btod_d2e)
    _d2e_denorm_low                          0x080105a9   Thumb Code    70  btod.o(CL$$btod_d2e_denorm_low)
    _d2e_norm_op1                            0x080105ef   Thumb Code    96  btod.o(CL$$btod_d2e_norm_op1)
    __btod_div_common                        0x0801064f   Thumb Code   696  btod.o(CL$$btod_div_common)
    _e2d                                     0x08010989   Thumb Code    80  btod.o(CL$$btod_e2d)
    _e2e                                     0x080109dd   Thumb Code   198  btod.o(CL$$btod_e2e)
    _btod_ediv                               0x08010aa3   Thumb Code    40  btod.o(CL$$btod_ediv)
    _btod_edivd                              0x08010acb   Thumb Code    40  btod.o(CL$$btod_edivd)
    _btod_emul                               0x08010af3   Thumb Code    40  btod.o(CL$$btod_emul)
    _btod_emuld                              0x08010b1b   Thumb Code    40  btod.o(CL$$btod_emuld)
    __btod_mult_common                       0x08010b43   Thumb Code   580  btod.o(CL$$btod_mult_common)
    OSStartHighRdy                           0x08010d89   Thumb Code     0  os_cpu_a.o(CODE)
    OSCtxSw                                  0x08010dab   Thumb Code     0  os_cpu_a.o(CODE)
    OSIntCtxSw                               0x08010db5   Thumb Code     0  os_cpu_a.o(CODE)
    PendSV_Handler                           0x08010dbf   Thumb Code     0  os_cpu_a.o(CODE)
    __ARM_fpclassify                         0x08010e35   Thumb Code    48  fpclassify.o(i.__ARM_fpclassify)
    __hardfp_atan                            0x08010e69   Thumb Code   622  atan.o(i.__hardfp_atan)
    __hardfp_atan2                           0x08011141   Thumb Code   432  atan2.o(i.__hardfp_atan2)
    __hardfp_atof                            0x08011331   Thumb Code    44  atof.o(i.__hardfp_atof)
    __hardfp_cos                             0x08011369   Thumb Code   180  cos.o(i.__hardfp_cos)
    __hardfp_ldexp                           0x08011431   Thumb Code   200  ldexp.o(i.__hardfp_ldexp)
    __hardfp_sin                             0x08011501   Thumb Code   180  sin.o(i.__hardfp_sin)
    __hardfp_sqrt                            0x080115c9   Thumb Code   122  sqrt.o(i.__hardfp_sqrt)
    __ieee754_rem_pio2                       0x08011649   Thumb Code   938  rred.o(i.__ieee754_rem_pio2)
    __kernel_cos                             0x08011a81   Thumb Code   322  cos_i.o(i.__kernel_cos)
    __kernel_poly                            0x08011bf1   Thumb Code   248  poly.o(i.__kernel_poly)
    __kernel_sin                             0x08011ce9   Thumb Code   280  sin_i.o(i.__kernel_sin)
    __mathlib_dbl_infnan                     0x08011e19   Thumb Code    20  dunder.o(i.__mathlib_dbl_infnan)
    __mathlib_dbl_infnan2                    0x08011e2d   Thumb Code    20  dunder.o(i.__mathlib_dbl_infnan2)
    __mathlib_dbl_invalid                    0x08011e41   Thumb Code    24  dunder.o(i.__mathlib_dbl_invalid)
    __mathlib_dbl_overflow                   0x08011e61   Thumb Code    24  dunder.o(i.__mathlib_dbl_overflow)
    __mathlib_dbl_underflow                  0x08011e81   Thumb Code    24  dunder.o(i.__mathlib_dbl_underflow)
    __mathlib_narrow                         0x08011ea1   Thumb Code   166  narrow.o(i.__mathlib_narrow)
    __support_ldexp                          0x08011f59   Thumb Code    20  ldexp.o(i.__support_ldexp)
    _is_digit                                0x08011f6d   Thumb Code    14  __printf_wp.o(i._is_digit)
    atan                                     0x08011f7b   Thumb Code    16  atan.o(i.atan)
    fabs                                     0x08011f8b   Thumb Code    24  fabs.o(i.fabs)
    frexp                                    0x08011fa9   Thumb Code   118  frexp.o(i.frexp)
    _get_lc_numeric                          0x08012035   Thumb Code    44  lc_numeric_c.o(locale$$code)
    _get_lc_ctype                            0x08012061   Thumb Code    44  lc_ctype_c.o(locale$$code)
    __aeabi_dneg                             0x0801208d   Thumb Code     0  basic.o(x$fpl$basic)
    _dneg                                    0x0801208d   Thumb Code     6  basic.o(x$fpl$basic)
    __aeabi_fneg                             0x08012093   Thumb Code     0  basic.o(x$fpl$basic)
    _fneg                                    0x08012093   Thumb Code     6  basic.o(x$fpl$basic)
    _dabs                                    0x08012099   Thumb Code     6  basic.o(x$fpl$basic)
    _fabs                                    0x0801209f   Thumb Code     6  basic.o(x$fpl$basic)
    __aeabi_d2f                              0x080120a5   Thumb Code     0  d2f.o(x$fpl$d2f)
    _d2f                                     0x080120a5   Thumb Code    98  d2f.o(x$fpl$d2f)
    __aeabi_dadd                             0x08012109   Thumb Code     0  daddsub_clz.o(x$fpl$dadd)
    _dadd                                    0x08012109   Thumb Code   332  daddsub_clz.o(x$fpl$dadd)
    __fpl_dcheck_NaN1                        0x08012259   Thumb Code    10  dcheck1.o(x$fpl$dcheck1)
    __fpl_dcmp_Inf                           0x08012269   Thumb Code    24  dcmpi.o(x$fpl$dcmpinf)
    __aeabi_ddiv                             0x08012281   Thumb Code     0  ddiv.o(x$fpl$ddiv)
    _ddiv                                    0x08012281   Thumb Code   552  ddiv.o(x$fpl$ddiv)
    __aeabi_cdcmpeq                          0x08012531   Thumb Code     0  deqf.o(x$fpl$deqf)
    _dcmpeq                                  0x08012531   Thumb Code   120  deqf.o(x$fpl$deqf)
    __aeabi_d2iz                             0x080125a9   Thumb Code     0  dfix.o(x$fpl$dfix)
    _dfix                                    0x080125a9   Thumb Code    94  dfix.o(x$fpl$dfix)
    __aeabi_d2uiz                            0x08012609   Thumb Code     0  dfixu.o(x$fpl$dfixu)
    _dfixu                                   0x08012609   Thumb Code    90  dfixu.o(x$fpl$dfixu)
    __aeabi_i2d                              0x08012663   Thumb Code     0  dflt_clz.o(x$fpl$dflt)
    _dflt                                    0x08012663   Thumb Code    46  dflt_clz.o(x$fpl$dflt)
    __aeabi_ui2d                             0x08012691   Thumb Code     0  dflt_clz.o(x$fpl$dfltu)
    _dfltu                                   0x08012691   Thumb Code    38  dflt_clz.o(x$fpl$dfltu)
    __aeabi_cdcmple                          0x080126b9   Thumb Code     0  dleqf.o(x$fpl$dleqf)
    _dcmple                                  0x080126b9   Thumb Code   120  dleqf.o(x$fpl$dleqf)
    __fpl_dcmple_InfNaN                      0x0801271b   Thumb Code     0  dleqf.o(x$fpl$dleqf)
    __aeabi_dmul                             0x08012731   Thumb Code     0  dmul.o(x$fpl$dmul)
    _dmul                                    0x08012731   Thumb Code   332  dmul.o(x$fpl$dmul)
    __fpl_dnaninf                            0x08012885   Thumb Code   156  dnaninf.o(x$fpl$dnaninf)
    __fpl_dretinf                            0x08012921   Thumb Code    12  dretinf.o(x$fpl$dretinf)
    __aeabi_cdrcmple                         0x0801292d   Thumb Code     0  drleqf.o(x$fpl$drleqf)
    _drcmple                                 0x0801292d   Thumb Code   108  drleqf.o(x$fpl$drleqf)
    __aeabi_drsub                            0x08012999   Thumb Code     0  daddsub_clz.o(x$fpl$drsb)
    _drsb                                    0x08012999   Thumb Code    22  daddsub_clz.o(x$fpl$drsb)
    _dsqrt                                   0x080129b1   Thumb Code   404  dsqrt_umaal.o(x$fpl$dsqrt)
    __aeabi_dsub                             0x08012b49   Thumb Code     0  daddsub_clz.o(x$fpl$dsub)
    _dsub                                    0x08012b49   Thumb Code   464  daddsub_clz.o(x$fpl$dsub)
    __aeabi_f2d                              0x08012d1d   Thumb Code     0  f2d.o(x$fpl$f2d)
    _f2d                                     0x08012d1d   Thumb Code    86  f2d.o(x$fpl$f2d)
    __fpl_fnaninf                            0x08012d73   Thumb Code   140  fnaninf.o(x$fpl$fnaninf)
    _fp_init                                 0x08012dff   Thumb Code    10  fpinit.o(x$fpl$fpinit)
    __fplib_config_fpu_vfp                   0x08012e07   Thumb Code     0  fpinit.o(x$fpl$fpinit)
    __fplib_config_pureend_doubles           0x08012e07   Thumb Code     0  fpinit.o(x$fpl$fpinit)
    __fpl_fretinf                            0x08012e09   Thumb Code    10  fretinf.o(x$fpl$fretinf)
    _printf_fp_dec                           0x08012e13   Thumb Code     4  printf1.o(x$fpl$printf1)
    __fpl_return_NaN                         0x08012e17   Thumb Code   100  retnan.o(x$fpl$retnan)
    __ARM_scalbn                             0x08012e7b   Thumb Code    92  scalbn.o(x$fpl$scalbn)
    _scanf_real                              0x08012ed7   Thumb Code     4  scanf1.o(x$fpl$scanf1)
    _scanf_hex_real                          0x08012edb   Thumb Code     4  scanf2.o(x$fpl$scanf2)
    _scanf_infnan                            0x08012edf   Thumb Code     4  scanf2.o(x$fpl$scanf2)
    __fpl_cmpreturn                          0x08012ee3   Thumb Code    48  trapv.o(x$fpl$trapveneer)
    __I$use$fp                               0x08012f12   Number         0  usenofp.o(x$fpl$usenofp)
    CPU_EndiannessTest                       0x08013014   Data           4  cpu_core.o(.constdata)
    OSCfg_IdleTaskStkBasePtr                 0x080130ac   Data           4  os_cfg_app.o(.constdata)
    OSCfg_IdleTaskStkLimit                   0x080130b0   Data           4  os_cfg_app.o(.constdata)
    OSCfg_IdleTaskStkSize                    0x080130b4   Data           4  os_cfg_app.o(.constdata)
    OSCfg_IdleTaskStkSizeRAM                 0x080130b8   Data           4  os_cfg_app.o(.constdata)
    OSCfg_IntQBasePtr                        0x080130bc   Data           4  os_cfg_app.o(.constdata)
    OSCfg_IntQSize                           0x080130c0   Data           2  os_cfg_app.o(.constdata)
    OSCfg_IntQSizeRAM                        0x080130c4   Data           4  os_cfg_app.o(.constdata)
    OSCfg_IntQTaskStkBasePtr                 0x080130c8   Data           4  os_cfg_app.o(.constdata)
    OSCfg_IntQTaskStkLimit                   0x080130cc   Data           4  os_cfg_app.o(.constdata)
    OSCfg_IntQTaskStkSize                    0x080130d0   Data           4  os_cfg_app.o(.constdata)
    OSCfg_IntQTaskStkSizeRAM                 0x080130d4   Data           4  os_cfg_app.o(.constdata)
    OSCfg_ISRStkBasePtr                      0x080130d8   Data           4  os_cfg_app.o(.constdata)
    OSCfg_ISRStkSize                         0x080130dc   Data           4  os_cfg_app.o(.constdata)
    OSCfg_ISRStkSizeRAM                      0x080130e0   Data           4  os_cfg_app.o(.constdata)
    OSCfg_MsgPoolSize                        0x080130e4   Data           2  os_cfg_app.o(.constdata)
    OSCfg_MsgPoolSizeRAM                     0x080130e8   Data           4  os_cfg_app.o(.constdata)
    OSCfg_MsgPoolBasePtr                     0x080130ec   Data           4  os_cfg_app.o(.constdata)
    OSCfg_StatTaskPrio                       0x080130f0   Data           1  os_cfg_app.o(.constdata)
    OSCfg_StatTaskRate_Hz                    0x080130f4   Data           4  os_cfg_app.o(.constdata)
    OSCfg_StatTaskStkBasePtr                 0x080130f8   Data           4  os_cfg_app.o(.constdata)
    OSCfg_StatTaskStkLimit                   0x080130fc   Data           4  os_cfg_app.o(.constdata)
    OSCfg_StatTaskStkSize                    0x08013100   Data           4  os_cfg_app.o(.constdata)
    OSCfg_StatTaskStkSizeRAM                 0x08013104   Data           4  os_cfg_app.o(.constdata)
    OSCfg_StkSizeMin                         0x08013108   Data           4  os_cfg_app.o(.constdata)
    OSCfg_TickRate_Hz                        0x0801310c   Data           4  os_cfg_app.o(.constdata)
    OSCfg_TickTaskPrio                       0x08013110   Data           1  os_cfg_app.o(.constdata)
    OSCfg_TickTaskStkBasePtr                 0x08013114   Data           4  os_cfg_app.o(.constdata)
    OSCfg_TickTaskStkLimit                   0x08013118   Data           4  os_cfg_app.o(.constdata)
    OSCfg_TickTaskStkSize                    0x0801311c   Data           4  os_cfg_app.o(.constdata)
    OSCfg_TickTaskStkSizeRAM                 0x08013120   Data           4  os_cfg_app.o(.constdata)
    OSCfg_TickWheelSize                      0x08013124   Data           2  os_cfg_app.o(.constdata)
    OSCfg_TickWheelSizeRAM                   0x08013128   Data           4  os_cfg_app.o(.constdata)
    OSCfg_TmrTaskPrio                        0x0801312c   Data           1  os_cfg_app.o(.constdata)
    OSCfg_TmrTaskRate_Hz                     0x08013130   Data           4  os_cfg_app.o(.constdata)
    OSCfg_TmrTaskStkBasePtr                  0x08013134   Data           4  os_cfg_app.o(.constdata)
    OSCfg_TmrTaskStkLimit                    0x08013138   Data           4  os_cfg_app.o(.constdata)
    OSCfg_TmrTaskStkSize                     0x0801313c   Data           4  os_cfg_app.o(.constdata)
    OSCfg_TmrTaskStkSizeRAM                  0x08013140   Data           4  os_cfg_app.o(.constdata)
    OSCfg_TmrWheelSize                       0x08013144   Data           2  os_cfg_app.o(.constdata)
    OSCfg_TmrWheelSizeRAM                    0x08013148   Data           4  os_cfg_app.o(.constdata)
    OSCfg_DataSizeRAM                        0x0801314c   Data           4  os_cfg_app.o(.constdata)
    OSDbg_DbgEn                              0x08013150   Data           2  os_dbg.o(.constdata)
    OSDbg_ArgChkEn                           0x08013152   Data           1  os_dbg.o(.constdata)
    OSDbg_AppHooksEn                         0x08013153   Data           1  os_dbg.o(.constdata)
    OSDbg_EndiannessTest                     0x08013154   Data           4  os_dbg.o(.constdata)
    OSDbg_CalledFromISRChkEn                 0x08013158   Data           1  os_dbg.o(.constdata)
    OSDbg_FlagEn                             0x08013159   Data           1  os_dbg.o(.constdata)
    OSDbg_FlagGrp                            0x0801315c   Data          40  os_dbg.o(.constdata)
    OSDbg_FlagDelEn                          0x08013184   Data           1  os_dbg.o(.constdata)
    OSDbg_FlagModeClrEn                      0x08013185   Data           1  os_dbg.o(.constdata)
    OSDbg_FlagPendAbortEn                    0x08013186   Data           1  os_dbg.o(.constdata)
    OSDbg_FlagGrpSize                        0x08013188   Data           2  os_dbg.o(.constdata)
    OSDbg_FlagWidth                          0x0801318a   Data           2  os_dbg.o(.constdata)
    OSDbg_IntQ                               0x0801318c   Data           2  os_dbg.o(.constdata)
    OSDbg_ISRPostDeferredEn                  0x0801318e   Data           1  os_dbg.o(.constdata)
    OSDbg_Mem                                0x08013190   Data          32  os_dbg.o(.constdata)
    OSDbg_MemEn                              0x080131b0   Data           1  os_dbg.o(.constdata)
    OSDbg_MemSize                            0x080131b2   Data           2  os_dbg.o(.constdata)
    OSDbg_MsgEn                              0x080131b4   Data           1  os_dbg.o(.constdata)
    OSDbg_MsgSize                            0x080131b6   Data           2  os_dbg.o(.constdata)
    OSDbg_MsgPoolSize                        0x080131b8   Data           2  os_dbg.o(.constdata)
    OSDbg_MsgQSize                           0x080131ba   Data           2  os_dbg.o(.constdata)
    OSDbg_Mutex                              0x080131bc   Data          44  os_dbg.o(.constdata)
    OSDbg_MutexEn                            0x080131e8   Data           1  os_dbg.o(.constdata)
    OSDbg_MutexDelEn                         0x080131e9   Data           1  os_dbg.o(.constdata)
    OSDbg_MutexPendAbortEn                   0x080131ea   Data           1  os_dbg.o(.constdata)
    OSDbg_MutexSize                          0x080131ec   Data           2  os_dbg.o(.constdata)
    OSDbg_ObjTypeChkEn                       0x080131ee   Data           1  os_dbg.o(.constdata)
    OSDbg_PendMultiEn                        0x080131ef   Data           1  os_dbg.o(.constdata)
    OSDbg_PendDataSize                       0x080131f0   Data           2  os_dbg.o(.constdata)
    OSDbg_PendListSize                       0x080131f2   Data           2  os_dbg.o(.constdata)
    OSDbg_PendObjSize                        0x080131f4   Data           2  os_dbg.o(.constdata)
    OSDbg_PrioMax                            0x080131f6   Data           2  os_dbg.o(.constdata)
    OSDbg_PrioTblSize                        0x080131f8   Data           2  os_dbg.o(.constdata)
    OSDbg_PtrSize                            0x080131fa   Data           2  os_dbg.o(.constdata)
    OSDbg_Q                                  0x080131fc   Data          48  os_dbg.o(.constdata)
    OSDbg_QEn                                0x0801322c   Data           1  os_dbg.o(.constdata)
    OSDbg_QDelEn                             0x0801322d   Data           1  os_dbg.o(.constdata)
    OSDbg_QFlushEn                           0x0801322e   Data           1  os_dbg.o(.constdata)
    OSDbg_QPendAbortEn                       0x0801322f   Data           1  os_dbg.o(.constdata)
    OSDbg_QSize                              0x08013230   Data           2  os_dbg.o(.constdata)
    OSDbg_SchedRoundRobinEn                  0x08013232   Data           1  os_dbg.o(.constdata)
    OSDbg_Sem                                0x08013234   Data          40  os_dbg.o(.constdata)
    OSDbg_SemEn                              0x0801325c   Data           1  os_dbg.o(.constdata)
    OSDbg_SemDelEn                           0x0801325d   Data           1  os_dbg.o(.constdata)
    OSDbg_SemPendAbortEn                     0x0801325e   Data           1  os_dbg.o(.constdata)
    OSDbg_SemSetEn                           0x0801325f   Data           1  os_dbg.o(.constdata)
    OSDbg_SemSize                            0x08013260   Data           2  os_dbg.o(.constdata)
    OSDbg_RdyList                            0x08013262   Data           2  os_dbg.o(.constdata)
    OSDbg_RdyListSize                        0x08013264   Data           4  os_dbg.o(.constdata)
    OSDbg_StkWidth                           0x08013268   Data           1  os_dbg.o(.constdata)
    OSDbg_StatTaskEn                         0x08013269   Data           1  os_dbg.o(.constdata)
    OSDbg_StatTaskStkChkEn                   0x0801326a   Data           1  os_dbg.o(.constdata)
    OSDbg_TaskChangePrioEn                   0x0801326b   Data           1  os_dbg.o(.constdata)
    OSDbg_TaskDelEn                          0x0801326c   Data           1  os_dbg.o(.constdata)
    OSDbg_TaskQEn                            0x0801326d   Data           1  os_dbg.o(.constdata)
    OSDbg_TaskQPendAbortEn                   0x0801326e   Data           1  os_dbg.o(.constdata)
    OSDbg_TaskProfileEn                      0x0801326f   Data           1  os_dbg.o(.constdata)
    OSDbg_TaskRegTblSize                     0x08013270   Data           2  os_dbg.o(.constdata)
    OSDbg_TaskSemPendAbortEn                 0x08013272   Data           1  os_dbg.o(.constdata)
    OSDbg_TaskSuspendEn                      0x08013273   Data           1  os_dbg.o(.constdata)
    OSDbg_TCBSize                            0x08013274   Data           2  os_dbg.o(.constdata)
    OSDbg_TickSpokeSize                      0x08013276   Data           2  os_dbg.o(.constdata)
    OSDbg_TimeDlyHMSMEn                      0x08013278   Data           1  os_dbg.o(.constdata)
    OSDbg_TimeDlyResumeEn                    0x08013279   Data           1  os_dbg.o(.constdata)
    OSDbg_TLS_TblSize                        0x0801327a   Data           2  os_dbg.o(.constdata)
    OSDbg_Tmr                                0x0801327c   Data          52  os_dbg.o(.constdata)
    OSDbg_TmrEn                              0x080132b0   Data           1  os_dbg.o(.constdata)
    OSDbg_TmrDelEn                           0x080132b1   Data           1  os_dbg.o(.constdata)
    OSDbg_TmrSize                            0x080132b2   Data           2  os_dbg.o(.constdata)
    OSDbg_TmrSpokeSize                       0x080132b4   Data           2  os_dbg.o(.constdata)
    OSDbg_VersionNbr                         0x080132b6   Data           2  os_dbg.o(.constdata)
    OSDbg_DataSize                           0x080132b8   Data           4  os_dbg.o(.constdata)
    __mathlib_zero                           0x08013388   Data           8  qnan.o(.constdata)
    Region$$Table$$Base                      0x08013514   Number         0  anon$$obj.o(Region$$Table)
    Region$$Table$$Limit                     0x08013534   Number         0  anon$$obj.o(Region$$Table)
    __aeabi_HUGE_VAL                         0x08013534   Data           0  fpconst.o(c$$dinf)
    __aeabi_HUGE_VALL                        0x08013534   Data           0  fpconst.o(c$$dinf)
    __aeabi_INFINITY                         0x08013534   Data           0  fpconst.o(c$$dinf)
    __dInf                                   0x08013534   Data           0  fpconst.o(c$$dinf)
    __huge_val                               0x08013534   Data           0  fpconst.o(c$$dinf)
    __ctype                                  0x08013565   Data           0  lc_ctype_c.o(locale$$data)
    SystemCoreClock                          0x20000000   Data           4  system_stm32f4xx.o(.data)
    AHBPrescTable                            0x20000004   Data          16  system_stm32f4xx.o(.data)
    steps1                                   0x20000014   Data           4  common_fcn.o(.data)
    steps2                                   0x20000018   Data           4  common_fcn.o(.data)
    steps3                                   0x2000001c   Data           4  common_fcn.o(.data)
    steps4                                   0x20000020   Data           4  common_fcn.o(.data)
    steps_L                                  0x20000024   Data           4  common_fcn.o(.data)
    steps_R                                  0x20000028   Data           4  common_fcn.o(.data)
    Kp_x                                     0x2000002c   Data           4  ctrl.o(.data)
    Ki_x                                     0x20000030   Data           4  ctrl.o(.data)
    Kd_x                                     0x20000034   Data           4  ctrl.o(.data)
    exp_x                                    0x20000038   Data           2  ctrl.o(.data)
    exp_y                                    0x2000003a   Data           2  ctrl.o(.data)
    action_mode                              0x2000003c   Data           1  ctrl.o(.data)
    axis_tracker                             0x2000003d   Data           1  ctrl.o(.data)
    Motion_ENABLE                            0x2000003e   Data           1  ctrl.o(.data)
    Kp                                       0x20000040   Data           4  ctrl.o(.data)
    Kd                                       0x20000044   Data           4  ctrl.o(.data)
    Process_finish_flag                      0x200000e4   Data           1  usart2.o(.data)
    USART2_RX_COUNT                          0x200000e5   Data           1  usart2.o(.data)
    Ax                                       0x200000e8   Data           4  usart2.o(.data)
    Ay                                       0x200000ec   Data           4  usart2.o(.data)
    Az                                       0x200000f0   Data           4  usart2.o(.data)
    Pitch                                    0x200000f4   Data           4  usart2.o(.data)
    Roll                                     0x200000f8   Data           4  usart2.o(.data)
    Yaw                                      0x200000fc   Data           4  usart2.o(.data)
    Temperature                              0x20000100   Data           4  usart2.o(.data)
    continue_Yaw                             0x20000104   Data           4  usart2.o(.data)
    counter                                  0x20000110   Data           1  usart3.o(.data)
    tracker_pos                              0x20000112   Data           4  usart3.o(.data)
    tracker_area                             0x20000116   Data           2  usart3.o(.data)
    CircleFound                              0x20000118   Data           1  usart3.o(.data)
    rec3_bit                                 0x20000119   Data           1  usart3.o(.data)
    rec_state                                0x2000011a   Data           1  usart3.o(.data)
    __stdout                                 0x20000130   Data           4  usart.o(.data)
    USART_RX_STA                             0x20000134   Data           2  usart.o(.data)
    counter_usart1                           0x20000136   Data           1  usart.o(.data)
    Process_finish_flag_exp_state            0x20000137   Data           1  usart.o(.data)
    rec_bit                                  0x20000138   Data           1  usart.o(.data)
    CPU_TS_TmrFreq_Hz                        0x2000013c   Data           4  cpu_core.o(.data)
    Mem_PoolTbl                              0x20000140   Data           4  lib_mem.o(.data)
    OSPrioTbl                                0x20000144   Data           8  os_prio.o(.data)
    OS_AppTaskCreateHookPtr                  0x2000014c   Data           4  os_var.o(.data)
    OS_AppTaskDelHookPtr                     0x20000150   Data           4  os_var.o(.data)
    OS_AppTaskReturnHookPtr                  0x20000154   Data           4  os_var.o(.data)
    OS_AppIdleTaskHookPtr                    0x20000158   Data           4  os_var.o(.data)
    OS_AppStatTaskHookPtr                    0x2000015c   Data           4  os_var.o(.data)
    OS_AppTaskSwHookPtr                      0x20000160   Data           4  os_var.o(.data)
    OS_AppTimeTickHookPtr                    0x20000164   Data           4  os_var.o(.data)
    OSIdleTaskCtr                            0x20000168   Data           4  os_var.o(.data)
    OSIntNestingCtr                          0x2000016c   Data           1  os_var.o(.data)
    OSRunning                                0x2000016d   Data           1  os_var.o(.data)
    OSIntQInPtr                              0x20000170   Data           4  os_var.o(.data)
    OSIntQOutPtr                             0x20000174   Data           4  os_var.o(.data)
    OSIntQNbrEntries                         0x20000178   Data           2  os_var.o(.data)
    OSIntQNbrEntriesMax                      0x2000017a   Data           2  os_var.o(.data)
    OSIntQOvfCtr                             0x2000017c   Data           2  os_var.o(.data)
    OSIntQTaskTimeMax                        0x20000180   Data           4  os_var.o(.data)
    OSFlagDbgListPtr                         0x20000184   Data           4  os_var.o(.data)
    OSFlagQty                                0x20000188   Data           2  os_var.o(.data)
    OSMemDbgListPtr                          0x2000018c   Data           4  os_var.o(.data)
    OSMemQty                                 0x20000190   Data           2  os_var.o(.data)
    OSMutexDbgListPtr                        0x20000194   Data           4  os_var.o(.data)
    OSMutexQty                               0x20000198   Data           2  os_var.o(.data)
    OSPrioCur                                0x2000019a   Data           1  os_var.o(.data)
    OSPrioHighRdy                            0x2000019b   Data           1  os_var.o(.data)
    OSPrioSaved                              0x2000019c   Data           1  os_var.o(.data)
    OSQDbgListPtr                            0x200001a0   Data           4  os_var.o(.data)
    OSQQty                                   0x200001a4   Data           2  os_var.o(.data)
    OSSchedLockTimeBegin                     0x200001a8   Data           4  os_var.o(.data)
    OSSchedLockTimeMax                       0x200001ac   Data           4  os_var.o(.data)
    OSSchedLockTimeMaxCur                    0x200001b0   Data           4  os_var.o(.data)
    OSSchedLockNestingCtr                    0x200001b4   Data           1  os_var.o(.data)
    OSSchedRoundRobinDfltTimeQuanta          0x200001b8   Data           4  os_var.o(.data)
    OSSchedRoundRobinEn                      0x200001bc   Data           1  os_var.o(.data)
    OSSemDbgListPtr                          0x200001c0   Data           4  os_var.o(.data)
    OSSemQty                                 0x200001c4   Data           2  os_var.o(.data)
    OSStatResetFlag                          0x200001c6   Data           1  os_var.o(.data)
    OSStatTaskCPUUsage                       0x200001c8   Data           2  os_var.o(.data)
    OSStatTaskCPUUsageMax                    0x200001ca   Data           2  os_var.o(.data)
    OSStatTaskCtr                            0x200001cc   Data           4  os_var.o(.data)
    OSStatTaskCtrMax                         0x200001d0   Data           4  os_var.o(.data)
    OSStatTaskCtrRun                         0x200001d4   Data           4  os_var.o(.data)
    OSStatTaskRdy                            0x200001d8   Data           1  os_var.o(.data)
    OSStatTaskTimeMax                        0x200001dc   Data           4  os_var.o(.data)
    OSTaskCtxSwCtr                           0x200001e0   Data           4  os_var.o(.data)
    OSTaskDbgListPtr                         0x200001e4   Data           4  os_var.o(.data)
    OSTaskQty                                0x200001e8   Data           2  os_var.o(.data)
    OSTaskRegNextAvailID                     0x200001ea   Data           1  os_var.o(.data)
    OSTickCtr                                0x200001ec   Data           4  os_var.o(.data)
    OSTickTaskTimeMax                        0x200001f0   Data           4  os_var.o(.data)
    OSTmrDbgListPtr                          0x200001f4   Data           4  os_var.o(.data)
    OSTmrQty                                 0x200001f8   Data           2  os_var.o(.data)
    OSTmrTaskTimeMax                         0x200001fc   Data           4  os_var.o(.data)
    OSTmrTickCtr                             0x20000200   Data           4  os_var.o(.data)
    OSTmrUpdateCnt                           0x20000204   Data           4  os_var.o(.data)
    OSTmrUpdateCtr                           0x20000208   Data           4  os_var.o(.data)
    OSTCBCurPtr                              0x2000020c   Data           4  os_var.o(.data)
    OSTCBHighRdyPtr                          0x20000210   Data           4  os_var.o(.data)
    OS_CPU_ExceptStkBase                     0x20000214   Data           4  os_cpu_c.o(.data)
    StartTaskTCB                             0x2000021c   Data         196  main.o(.bss)
    START_TASK_STK                           0x200002e0   Data         512  main.o(.bss)
    LED_TASK_TaskTCB                         0x200004e0   Data         196  main.o(.bss)
    LED_TASK_STK                             0x200005a4   Data         512  main.o(.bss)
    Print_Task_TaskTCB                       0x200007a4   Data         196  main.o(.bss)
    PRINT_TASK_STK                           0x20000868   Data        1024  main.o(.bss)
    Gesture_Change_TaskTCB                   0x20000c68   Data         196  main.o(.bss)
    GESTURE_CHANGE_TASK_STK                  0x20000d2c   Data         512  main.o(.bss)
    Ctrl_TaskTCB                             0x20000f2c   Data         196  main.o(.bss)
    CTRL_TASK_STK                            0x20000ff0   Data        1024  main.o(.bss)
    MySem                                    0x200013f0   Data          40  main.o(.bss)
    MySem2                                   0x20001418   Data          40  main.o(.bss)
    MyQueue                                  0x20001440   Data          48  main.o(.bss)
    usart2_flags_group                       0x20001470   Data          40  main.o(.bss)
    State                                    0x20001498   Data          44  common_fcn.o(.bss)
    Exp_State                                0x200014c4   Data          44  common_fcn.o(.bss)
    linear_vxy                               0x200014f0   Data          12  ctrl.o(.bss)
    USART2_RX_DAT                            0x200014fc   Data          11  usart2.o(.bss)
    Res                                      0x20001507   Data          14  usart3.o(.bss)
    USART_RX_BUF                             0x20001515   Data         200  usart.o(.bss)
    rec                                      0x200015dd   Data          13  usart.o(.bss)
    CPU_Name                                 0x200015ea   Data          16  cpu_core.o(.bss)
    Mem_PoolHeap                             0x200015fc   Data          72  lib_mem.o(.bss)
    Mem_Heap                                 0x20001644   Data        1024  lib_mem.o(.bss)
    OSCfg_IdleTaskStk                        0x20001a44   Data         512  os_cfg_app.o(.bss)
    OSCfg_IntQ                               0x20001c44   Data         320  os_cfg_app.o(.bss)
    OSCfg_IntQTaskStk                        0x20001d84   Data         512  os_cfg_app.o(.bss)
    OSCfg_ISRStk                             0x20001f84   Data         512  os_cfg_app.o(.bss)
    OSCfg_MsgPool                            0x20002184   Data        1600  os_cfg_app.o(.bss)
    OSCfg_StatTaskStk                        0x200027c4   Data         512  os_cfg_app.o(.bss)
    OSCfg_TickTaskStk                        0x200029c4   Data         512  os_cfg_app.o(.bss)
    OSCfg_TickWheel                          0x20002bc4   Data         136  os_cfg_app.o(.bss)
    OSCfg_TmrTaskStk                         0x20002c4c   Data         512  os_cfg_app.o(.bss)
    OSCfg_TmrWheel                           0x20002e4c   Data         136  os_cfg_app.o(.bss)
    OSIdleTaskTCB                            0x20002ed4   Data         196  os_var.o(.bss)
    OSIntQTaskTCB                            0x20002f98   Data         196  os_var.o(.bss)
    OSMsgPool                                0x2000305c   Data          12  os_var.o(.bss)
    OSRdyList                                0x20003068   Data         768  os_var.o(.bss)
    OSStatTaskTCB                            0x20003368   Data         196  os_var.o(.bss)
    OSTickTaskTCB                            0x2000342c   Data         196  os_var.o(.bss)
    OSTmrTaskTCB                             0x200034f0   Data         196  os_var.o(.bss)
    __libspace_start                         0x200035b4   Data          96  libspace.o(.bss)
    __temporary_stack_top$libspace           0x20003614   Data           0  libspace.o(.bss)



==============================================================================

Memory Map of the image

  Image Entry point : 0x08000189

  Load Region LR_IROM1 (Base: 0x08000000, Size: 0x00013884, Max: 0x00080000, ABSOLUTE, COMPRESSED[0x00013694])

    Execution Region ER_IROM1 (Base: 0x08000000, Size: 0x00013668, Max: 0x00080000, ABSOLUTE)

    Base Addr    Size         Type   Attr      Idx    E Section Name        Object

    0x08000000   0x00000188   Data   RO          695    RESET               startup_stm32f40_41xxx.o
    0x08000188   0x00000008   Code   RO         1481  * !!!main             c_w.l(__main.o)
    0x08000190   0x00000034   Code   RO         1947    !!!scatter          c_w.l(__scatter.o)
    0x080001c4   0x0000003a   Code   RO         1945    !!dczerorl          c_w.l(__dczerorl.o)
    0x080001fe   0x00000002   PAD
    0x08000200   0x0000001c   Code   RO         1949    !!handler_zi        c_w.l(__scatter_zi.o)
    0x0800021c   0x00000000   Code   RO         1473    .ARM.Collect$$_printf_percent$$00000000  c_w.l(_printf_percent.o)
    0x0800021c   0x00000006   Code   RO         1472    .ARM.Collect$$_printf_percent$$00000003  c_w.l(_printf_f.o)
    0x08000222   0x00000006   Code   RO         1471    .ARM.Collect$$_printf_percent$$00000009  c_w.l(_printf_d.o)
    0x08000228   0x00000004   Code   RO         1600    .ARM.Collect$$_printf_percent$$00000017  c_w.l(_printf_percent_end.o)
    0x0800022c   0x00000002   Code   RO         1760    .ARM.Collect$$libinit$$00000000  c_w.l(libinit.o)
    0x0800022e   0x00000004   Code   RO         1761    .ARM.Collect$$libinit$$00000001  c_w.l(libinit2.o)
    0x08000232   0x00000000   Code   RO         1764    .ARM.Collect$$libinit$$00000004  c_w.l(libinit2.o)
    0x08000232   0x00000000   Code   RO         1767    .ARM.Collect$$libinit$$0000000A  c_w.l(libinit2.o)
    0x08000232   0x00000000   Code   RO         1769    .ARM.Collect$$libinit$$0000000C  c_w.l(libinit2.o)
    0x08000232   0x00000000   Code   RO         1771    .ARM.Collect$$libinit$$0000000E  c_w.l(libinit2.o)
    0x08000232   0x00000006   Code   RO         1772    .ARM.Collect$$libinit$$0000000F  c_w.l(libinit2.o)
    0x08000238   0x00000000   Code   RO         1774    .ARM.Collect$$libinit$$00000011  c_w.l(libinit2.o)
    0x08000238   0x0000000c   Code   RO         1775    .ARM.Collect$$libinit$$00000012  c_w.l(libinit2.o)
    0x08000244   0x00000000   Code   RO         1776    .ARM.Collect$$libinit$$00000013  c_w.l(libinit2.o)
    0x08000244   0x00000000   Code   RO         1778    .ARM.Collect$$libinit$$00000015  c_w.l(libinit2.o)
    0x08000244   0x0000000a   Code   RO         1779    .ARM.Collect$$libinit$$00000016  c_w.l(libinit2.o)
    0x0800024e   0x00000000   Code   RO         1780    .ARM.Collect$$libinit$$00000017  c_w.l(libinit2.o)
    0x0800024e   0x00000000   Code   RO         1782    .ARM.Collect$$libinit$$00000019  c_w.l(libinit2.o)
    0x0800024e   0x00000000   Code   RO         1784    .ARM.Collect$$libinit$$0000001B  c_w.l(libinit2.o)
    0x0800024e   0x00000000   Code   RO         1786    .ARM.Collect$$libinit$$0000001D  c_w.l(libinit2.o)
    0x0800024e   0x00000000   Code   RO         1788    .ARM.Collect$$libinit$$0000001F  c_w.l(libinit2.o)
    0x0800024e   0x00000000   Code   RO         1790    .ARM.Collect$$libinit$$00000021  c_w.l(libinit2.o)
    0x0800024e   0x00000000   Code   RO         1792    .ARM.Collect$$libinit$$00000023  c_w.l(libinit2.o)
    0x0800024e   0x00000000   Code   RO         1794    .ARM.Collect$$libinit$$00000025  c_w.l(libinit2.o)
    0x0800024e   0x00000000   Code   RO         1798    .ARM.Collect$$libinit$$0000002C  c_w.l(libinit2.o)
    0x0800024e   0x00000000   Code   RO         1800    .ARM.Collect$$libinit$$0000002E  c_w.l(libinit2.o)
    0x0800024e   0x00000000   Code   RO         1802    .ARM.Collect$$libinit$$00000030  c_w.l(libinit2.o)
    0x0800024e   0x00000000   Code   RO         1804    .ARM.Collect$$libinit$$00000032  c_w.l(libinit2.o)
    0x0800024e   0x00000002   Code   RO         1805    .ARM.Collect$$libinit$$00000033  c_w.l(libinit2.o)
    0x08000250   0x00000002   Code   RO         1885    .ARM.Collect$$libshutdown$$00000000  c_w.l(libshutdown.o)
    0x08000252   0x00000000   Code   RO         1920    .ARM.Collect$$libshutdown$$00000002  c_w.l(libshutdown2.o)
    0x08000252   0x00000000   Code   RO         1922    .ARM.Collect$$libshutdown$$00000004  c_w.l(libshutdown2.o)
    0x08000252   0x00000000   Code   RO         1925    .ARM.Collect$$libshutdown$$00000007  c_w.l(libshutdown2.o)
    0x08000252   0x00000000   Code   RO         1928    .ARM.Collect$$libshutdown$$0000000A  c_w.l(libshutdown2.o)
    0x08000252   0x00000000   Code   RO         1930    .ARM.Collect$$libshutdown$$0000000C  c_w.l(libshutdown2.o)
    0x08000252   0x00000000   Code   RO         1933    .ARM.Collect$$libshutdown$$0000000F  c_w.l(libshutdown2.o)
    0x08000252   0x00000002   Code   RO         1934    .ARM.Collect$$libshutdown$$00000010  c_w.l(libshutdown2.o)
    0x08000254   0x00000000   Code   RO         1583    .ARM.Collect$$rtentry$$00000000  c_w.l(__rtentry.o)
    0x08000254   0x00000000   Code   RO         1658    .ARM.Collect$$rtentry$$00000002  c_w.l(__rtentry2.o)
    0x08000254   0x00000006   Code   RO         1670    .ARM.Collect$$rtentry$$00000004  c_w.l(__rtentry4.o)
    0x0800025a   0x00000000   Code   RO         1660    .ARM.Collect$$rtentry$$00000009  c_w.l(__rtentry2.o)
    0x0800025a   0x00000004   Code   RO         1661    .ARM.Collect$$rtentry$$0000000A  c_w.l(__rtentry2.o)
    0x0800025e   0x00000000   Code   RO         1663    .ARM.Collect$$rtentry$$0000000C  c_w.l(__rtentry2.o)
    0x0800025e   0x00000008   Code   RO         1664    .ARM.Collect$$rtentry$$0000000D  c_w.l(__rtentry2.o)
    0x08000266   0x00000002   Code   RO         1806    .ARM.Collect$$rtexit$$00000000  c_w.l(rtexit.o)
    0x08000268   0x00000000   Code   RO         1839    .ARM.Collect$$rtexit$$00000002  c_w.l(rtexit2.o)
    0x08000268   0x00000004   Code   RO         1840    .ARM.Collect$$rtexit$$00000003  c_w.l(rtexit2.o)
    0x0800026c   0x00000006   Code   RO         1841    .ARM.Collect$$rtexit$$00000004  c_w.l(rtexit2.o)
    0x08000272   0x00000002   PAD
    0x08000274   0x00000614   Code   RO            3    .text               main.o
    0x08000888   0x00000016   Code   RO          245    .text               stm32f4xx_it.o
    0x0800089e   0x00000002   PAD
    0x080008a0   0x00000210   Code   RO          369    .text               system_stm32f4xx.o
    0x08000ab0   0x00000070   Code   RO          395    .text               common_fcn.o
    0x08000b20   0x00001bcc   Code   RO          419    .text               ctrl.o
    0x080026ec   0x00000068   Code   RO          471    .text               led.o
    0x08002754   0x0000030c   Code   RO          523    .text               exti.o
    0x08002a60   0x00000708   Code   RO          544    .text               pwm.o
    0x08003168   0x00000070   Code   RO          566    .text               timer.o
    0x080031d8   0x0000042c   Code   RO          646    .text               usart2.o
    0x08003604   0x000001f4   Code   RO          671    .text               usart3.o
    0x080037f8   0x00000040   Code   RO          696    .text               startup_stm32f40_41xxx.o
    0x08003838   0x000000e0   Code   RO          702    .text               misc.o
    0x08003918   0x00000294   Code   RO          722    .text               stm32f4xx_gpio.o
    0x08003bac   0x0000065c   Code   RO          742    .text               stm32f4xx_rcc.o
    0x08004208   0x00000094   Code   RO          764    .text               stm32f4xx_syscfg.o
    0x0800429c   0x00000454   Code   RO          784    .text               stm32f4xx_usart.o
    0x080046f0   0x00000ca2   Code   RO          804    .text               stm32f4xx_tim.o
    0x08005392   0x00000002   PAD
    0x08005394   0x00000110   Code   RO          904    .text               stm32f4xx_exti.o
    0x080054a4   0x00000148   Code   RO          944    .text               delay.o
    0x080055ec   0x00000380   Code   RO          987    .text               usart.o
    0x0800596c   0x00000084   Code   RO         1016    .text               bsp.o
    0x080059f0   0x000002a8   Code   RO         1049    .text               cpu_core.o
    0x08005c98   0x00000034   Code   RO         1075    .text               cpu_a.o
    0x08005ccc   0x00000256   Code   RO         1078    .text               lib_ascii.o
    0x08005f22   0x00000002   PAD
    0x08005f24   0x000009c6   Code   RO         1111    .text               lib_mem.o
    0x080068ea   0x00000002   PAD
    0x080068ec   0x0000092c   Code   RO         1130    .text               lib_str.o
    0x08007218   0x00000220   Code   RO         1147    .text               lib_mem_a.o
    0x08007438   0x000000fc   Code   RO         1150    .text               os_cfg_app.o
    0x08007534   0x00000df0   Code   RO         1173    .text               os_core.o
    0x08008324   0x000001b0   Code   RO         1185    .text               os_dbg.o
    0x080084d4   0x00000e28   Code   RO         1200    .text               os_flag.o
    0x080092fc   0x00000444   Code   RO         1212    .text               os_int.o
    0x08009740   0x00000238   Code   RO         1224    .text               os_mem.o
    0x08009978   0x0000022c   Code   RO         1236    .text               os_msg.o
    0x08009ba4   0x00000ad4   Code   RO         1248    .text               os_mutex.o
    0x0800a678   0x0000007c   Code   RO         1272    .text               os_prio.o
    0x0800a6f4   0x000008d8   Code   RO         1291    .text               os_q.o
    0x0800afcc   0x00000830   Code   RO         1303    .text               os_sem.o
    0x0800b7fc   0x00000638   Code   RO         1315    .text               os_stat.o
    0x0800be34   0x00001bb8   Code   RO         1327    .text               os_task.o
    0x0800d9ec   0x000004fc   Code   RO         1339    .text               os_tick.o
    0x0800dee8   0x00000564   Code   RO         1351    .text               os_time.o
    0x0800e44c   0x00000818   Code   RO         1363    .text               os_tmr.o
    0x0800ec64   0x000003f8   Code   RO         1391    .text               os_cpu_c.o
    0x0800f05c   0x00000002   Code   RO         1435    .text               c_w.l(use_no_semi_2.o)
    0x0800f05e   0x000000ee   Code   RO         1437    .text               c_w.l(lludivv7m.o)
    0x0800f14c   0x00000018   Code   RO         1443    .text               c_w.l(noretval__2printf.o)
    0x0800f164   0x00000028   Code   RO         1445    .text               c_w.l(noretval__2sprintf.o)
    0x0800f18c   0x00000068   Code   RO         1447    .text               c_w.l(__printf.o)
    0x0800f1f4   0x00000078   Code   RO         1449    .text               c_w.l(_printf_dec.o)
    0x0800f26c   0x0000000c   Code   RO         1474    .text               c_w.l(strtok.o)
    0x0800f278   0x00000080   Code   RO         1477    .text               c_w.l(strcmpv7m.o)
    0x0800f2f8   0x00000006   Code   RO         1479    .text               c_w.l(heapauxi.o)
    0x0800f2fe   0x00000002   Code   RO         1581    .text               c_w.l(use_no_semi.o)
    0x0800f300   0x00000016   Code   RO         1588    .text               c_w.l(_rserrno.o)
    0x0800f316   0x000000b2   Code   RO         1590    .text               c_w.l(_printf_intcommon.o)
    0x0800f3c8   0x0000041a   Code   RO         1592    .text               c_w.l(_printf_fp_dec.o)
    0x0800f7e2   0x00000002   PAD
    0x0800f7e4   0x00000030   Code   RO         1594    .text               c_w.l(_printf_char_common.o)
    0x0800f814   0x0000000a   Code   RO         1596    .text               c_w.l(_sputc.o)
    0x0800f81e   0x00000002   PAD
    0x0800f820   0x00000024   Code   RO         1598    .text               c_w.l(_printf_char_file.o)
    0x0800f844   0x000000a4   Code   RO         1601    .text               c_w.l(strtod.o)
    0x0800f8e8   0x00000044   Code   RO         1603    .text               c_w.l(strtok_int.o)
    0x0800f92c   0x00000008   Code   RO         1677    .text               c_w.l(rt_locale_intlibspace.o)
    0x0800f934   0x00000008   Code   RO         1682    .text               c_w.l(rt_errno_addr_intlibspace.o)
    0x0800f93c   0x0000008a   Code   RO         1684    .text               c_w.l(lludiv10.o)
    0x0800f9c6   0x00000012   Code   RO         1686    .text               c_w.l(isspace.o)
    0x0800f9d8   0x00000080   Code   RO         1688    .text               c_w.l(_printf_fp_infnan.o)
    0x0800fa58   0x00000040   Code   RO         1692    .text               c_w.l(_sgetc.o)
    0x0800fa98   0x000000dc   Code   RO         1694    .text               c_w.l(bigflt0.o)
    0x0800fb74   0x00000008   Code   RO         1719    .text               c_w.l(ferror.o)
    0x0800fb7c   0x00000020   Code   RO         1726    .text               c_w.l(strcspn.o)
    0x0800fb9c   0x0000001c   Code   RO         1728    .text               c_w.l(strspn.o)
    0x0800fbb8   0x00000008   Code   RO         1740    .text               c_w.l(libspace.o)
    0x0800fbc0   0x0000004a   Code   RO         1743    .text               c_w.l(sys_stackheap_outer.o)
    0x0800fc0a   0x00000002   PAD
    0x0800fc0c   0x00000010   Code   RO         1745    .text               c_w.l(rt_ctype_table.o)
    0x0800fc1c   0x000004a4   Code   RO         1747    .text               c_w.l(scanf_fp.o)
    0x080100c0   0x00000012   Code   RO         1749    .text               c_w.l(exit.o)
    0x080100d2   0x00000002   PAD
    0x080100d4   0x00000320   Code   RO         1845    .text               c_w.l(scanf_hexfp.o)
    0x080103f4   0x00000134   Code   RO         1847    .text               c_w.l(scanf_infnan.o)
    0x08010528   0x00000026   Code   RO         1873    .text               c_w.l(llshl.o)
    0x0801054e   0x0000001c   Code   RO         1875    .text               c_w.l(_chval.o)
    0x0801056a   0x0000003e   Code   RO         1697    CL$$btod_d2e        c_w.l(btod.o)
    0x080105a8   0x00000046   Code   RO         1699    CL$$btod_d2e_denorm_low  c_w.l(btod.o)
    0x080105ee   0x00000060   Code   RO         1698    CL$$btod_d2e_norm_op1  c_w.l(btod.o)
    0x0801064e   0x00000338   Code   RO         1707    CL$$btod_div_common  c_w.l(btod.o)
    0x08010986   0x00000002   PAD
    0x08010988   0x00000054   Code   RO         1705    CL$$btod_e2d        c_w.l(btod.o)
    0x080109dc   0x000000c6   Code   RO         1704    CL$$btod_e2e        c_w.l(btod.o)
    0x08010aa2   0x00000028   Code   RO         1701    CL$$btod_ediv       c_w.l(btod.o)
    0x08010aca   0x00000028   Code   RO         1703    CL$$btod_edivd      c_w.l(btod.o)
    0x08010af2   0x00000028   Code   RO         1700    CL$$btod_emul       c_w.l(btod.o)
    0x08010b1a   0x00000028   Code   RO         1702    CL$$btod_emuld      c_w.l(btod.o)
    0x08010b42   0x00000244   Code   RO         1706    CL$$btod_mult_common  c_w.l(btod.o)
    0x08010d86   0x00000002   PAD
    0x08010d88   0x000000ac   Code   RO         1415    CODE                os_cpu_a.o
    0x08010e34   0x00000030   Code   RO         1641    i.__ARM_fpclassify  m_wm.l(fpclassify.o)
    0x08010e64   0x00000004   PAD
    0x08010e68   0x000002d8   Code   RO         1513    i.__hardfp_atan     m_wm.l(atan.o)
    0x08011140   0x000001f0   Code   RO         1527    i.__hardfp_atan2    m_wm.l(atan2.o)
    0x08011330   0x00000038   Code   RO         1539    i.__hardfp_atof     m_wm.l(atof.o)
    0x08011368   0x000000c8   Code   RO         1545    i.__hardfp_cos      m_wm.l(cos.o)
    0x08011430   0x000000d0   Code   RO         1886    i.__hardfp_ldexp    m_wm.l(ldexp.o)
    0x08011500   0x000000c8   Code   RO         1557    i.__hardfp_sin      m_wm.l(sin.o)
    0x080115c8   0x0000007a   Code   RO         1569    i.__hardfp_sqrt     m_wm.l(sqrt.o)
    0x08011642   0x00000006   PAD
    0x08011648   0x00000438   Code   RO         1646    i.__ieee754_rem_pio2  m_wm.l(rred.o)
    0x08011a80   0x00000170   Code   RO         1618    i.__kernel_cos      m_wm.l(cos_i.o)
    0x08011bf0   0x000000f8   Code   RO         1643    i.__kernel_poly     m_wm.l(poly.o)
    0x08011ce8   0x00000130   Code   RO         1651    i.__kernel_sin      m_wm.l(sin_i.o)
    0x08011e18   0x00000014   Code   RO         1622    i.__mathlib_dbl_infnan  m_wm.l(dunder.o)
    0x08011e2c   0x00000014   Code   RO         1623    i.__mathlib_dbl_infnan2  m_wm.l(dunder.o)
    0x08011e40   0x00000020   Code   RO         1624    i.__mathlib_dbl_invalid  m_wm.l(dunder.o)
    0x08011e60   0x00000020   Code   RO         1625    i.__mathlib_dbl_overflow  m_wm.l(dunder.o)
    0x08011e80   0x00000020   Code   RO         1627    i.__mathlib_dbl_underflow  m_wm.l(dunder.o)
    0x08011ea0   0x000000b8   Code   RO         1831    i.__mathlib_narrow  m_wm.l(narrow.o)
    0x08011f58   0x00000014   Code   RO         1888    i.__support_ldexp   m_wm.l(ldexp.o)
    0x08011f6c   0x0000000e   Code   RO         1461    i._is_digit         c_w.l(__printf_wp.o)
    0x08011f7a   0x00000010   Code   RO         1515    i.atan              m_wm.l(atan.o)
    0x08011f8a   0x00000018   Code   RO         1637    i.fabs              m_wm.l(fabs.o)
    0x08011fa2   0x00000006   PAD
    0x08011fa8   0x0000008c   Code   RO         1863    i.frexp             m_wm.l(frexp.o)
    0x08012034   0x0000002c   Code   RO         1724    locale$$code        c_w.l(lc_numeric_c.o)
    0x08012060   0x0000002c   Code   RO         1811    locale$$code        c_w.l(lc_ctype_c.o)
    0x0801208c   0x00000018   Code   RO         1483    x$fpl$basic         fz_wm.l(basic.o)
    0x080120a4   0x00000062   Code   RO         1485    x$fpl$d2f           fz_wm.l(d2f.o)
    0x08012106   0x00000002   PAD
    0x08012108   0x00000150   Code   RO         1487    x$fpl$dadd          fz_wm.l(daddsub_clz.o)
    0x08012258   0x00000010   Code   RO         1937    x$fpl$dcheck1       fz_wm.l(dcheck1.o)
    0x08012268   0x00000018   Code   RO         1730    x$fpl$dcmpinf       fz_wm.l(dcmpi.o)
    0x08012280   0x000002b0   Code   RO         1494    x$fpl$ddiv          fz_wm.l(ddiv.o)
    0x08012530   0x00000078   Code   RO         1857    x$fpl$deqf          fz_wm.l(deqf.o)
    0x080125a8   0x0000005e   Code   RO         1732    x$fpl$dfix          fz_wm.l(dfix.o)
    0x08012606   0x00000002   PAD
    0x08012608   0x0000005a   Code   RO         1497    x$fpl$dfixu         fz_wm.l(dfixu.o)
    0x08012662   0x0000002e   Code   RO         1502    x$fpl$dflt          fz_wm.l(dflt_clz.o)
    0x08012690   0x00000026   Code   RO         1501    x$fpl$dfltu         fz_wm.l(dflt_clz.o)
    0x080126b6   0x00000002   PAD
    0x080126b8   0x00000078   Code   RO         1605    x$fpl$dleqf         fz_wm.l(dleqf.o)
    0x08012730   0x00000154   Code   RO         1507    x$fpl$dmul          fz_wm.l(dmul.o)
    0x08012884   0x0000009c   Code   RO         1607    x$fpl$dnaninf       fz_wm.l(dnaninf.o)
    0x08012920   0x0000000c   Code   RO         1609    x$fpl$dretinf       fz_wm.l(dretinf.o)
    0x0801292c   0x0000006c   Code   RO         1859    x$fpl$drleqf        fz_wm.l(drleqf.o)
    0x08012998   0x00000016   Code   RO         1488    x$fpl$drsb          fz_wm.l(daddsub_clz.o)
    0x080129ae   0x00000002   PAD
    0x080129b0   0x00000198   Code   RO         1611    x$fpl$dsqrt         fz_wm.l(dsqrt_umaal.o)
    0x08012b48   0x000001d4   Code   RO         1489    x$fpl$dsub          fz_wm.l(daddsub_clz.o)
    0x08012d1c   0x00000056   Code   RO         1509    x$fpl$f2d           fz_wm.l(f2d.o)
    0x08012d72   0x0000008c   Code   RO         1613    x$fpl$fnaninf       fz_wm.l(fnaninf.o)
    0x08012dfe   0x0000000a   Code   RO         1822    x$fpl$fpinit        fz_wm.l(fpinit.o)
    0x08012e08   0x0000000a   Code   RO         1615    x$fpl$fretinf       fz_wm.l(fretinf.o)
    0x08012e12   0x00000004   Code   RO         1511    x$fpl$printf1       fz_wm.l(printf1.o)
    0x08012e16   0x00000064   Code   RO         1939    x$fpl$retnan        fz_wm.l(retnan.o)
    0x08012e7a   0x0000005c   Code   RO         1935    x$fpl$scalbn        fz_wm.l(scalbn.o)
    0x08012ed6   0x00000004   Code   RO         1738    x$fpl$scanf1        fz_wm.l(scanf1.o)
    0x08012eda   0x00000008   Code   RO         1824    x$fpl$scanf2        fz_wm.l(scanf2.o)
    0x08012ee2   0x00000030   Code   RO         1941    x$fpl$trapveneer    fz_wm.l(trapv.o)
    0x08012f12   0x00000000   Code   RO         1617    x$fpl$usenofp       fz_wm.l(usenofp.o)
    0x08012f12   0x00000002   PAD
    0x08012f14   0x00000104   Data   RO         1051    .constdata          cpu_core.o
    0x08013018   0x00000094   Data   RO         1131    .constdata          lib_str.o
    0x080130ac   0x000000a4   Data   RO         1152    .constdata          os_cfg_app.o
    0x08013150   0x0000016c   Data   RO         1186    .constdata          os_dbg.o
    0x080132bc   0x00000004   PAD
    0x080132c0   0x00000098   Data   RO         1516    .constdata          m_wm.l(atan.o)
    0x08013358   0x00000030   Data   RO         1619    .constdata          m_wm.l(cos_i.o)
    0x08013388   0x00000008   Data   RO         1645    .constdata          m_wm.l(qnan.o)
    0x08013390   0x000000c8   Data   RO         1648    .constdata          m_wm.l(rred.o)
    0x08013458   0x00000028   Data   RO         1652    .constdata          m_wm.l(sin_i.o)
    0x08013480   0x00000094   Data   RO         1695    .constdata          c_w.l(bigflt0.o)
    0x08013514   0x00000020   Data   RO         1943    Region$$Table       anon$$obj.o
    0x08013534   0x00000008   Data   RO         1819    c$$dinf             fz_wm.l(fpconst.o)
    0x0801353c   0x0000001c   Data   RO         1723    locale$$data        c_w.l(lc_numeric_c.o)
    0x08013558   0x00000110   Data   RO         1810    locale$$data        c_w.l(lc_ctype_c.o)


    Execution Region RW_IRAM1 (Base: 0x20000000, Size: 0x00003c18, Max: 0x00020000, ABSOLUTE, COMPRESSED[0x0000002c])

    Base Addr    Size         Type   Attr      Idx    E Section Name        Object

    0x20000000   0x00000014   Data   RW          370    .data               system_stm32f4xx.o
    0x20000014   0x00000018   Data   RW          397    .data               common_fcn.o
    0x2000002c   0x00000094   Data   RW          421    .data               ctrl.o
    0x200000c0   0x00000024   Data   RW          545    .data               pwm.o
    0x200000e4   0x0000002c   Data   RW          648    .data               usart2.o
    0x20000110   0x0000000b   Data   RW          673    .data               usart3.o
    0x2000011b   0x00000010   Data   RW          743    .data               stm32f4xx_rcc.o
    0x2000012b   0x00000001   PAD
    0x2000012c   0x00000004   Data   RW          945    .data               delay.o
    0x20000130   0x00000009   Data   RW          989    .data               usart.o
    0x20000139   0x00000003   PAD
    0x2000013c   0x00000004   Data   RW         1052    .data               cpu_core.o
    0x20000140   0x00000004   Data   RW         1113    .data               lib_mem.o
    0x20000144   0x00000008   Data   RW         1273    .data               os_prio.o
    0x2000014c   0x000000c8   Data   RW         1376    .data               os_var.o
    0x20000214   0x00000004   Data   RW         1392    .data               os_cpu_c.o
    0x20000218   0x00000004   Data   RW         1475    .data               c_w.l(strtok.o)
    0x2000021c   0x0000127c   Zero   RW            4    .bss                main.o
    0x20001498   0x00000058   Zero   RW          396    .bss                common_fcn.o
    0x200014f0   0x0000000c   Zero   RW          420    .bss                ctrl.o
    0x200014fc   0x0000000b   Zero   RW          647    .bss                usart2.o
    0x20001507   0x0000000e   Zero   RW          672    .bss                usart3.o
    0x20001515   0x000000d5   Zero   RW          988    .bss                usart.o
    0x200015ea   0x00000010   Zero   RW         1050    .bss                cpu_core.o
    0x200015fa   0x00000002   PAD
    0x200015fc   0x00000448   Zero   RW         1112    .bss                lib_mem.o
    0x20001a44   0x00001490   Zero   RW         1151    .bss                os_cfg_app.o
    0x20002ed4   0x000006e0   Zero   RW         1375    .bss                os_var.o
    0x200035b4   0x00000060   Zero   RW         1741    .bss                c_w.l(libspace.o)
    0x20003614   0x00000004   PAD
    0x20003618   0x00000200   Zero   RW          694    HEAP                startup_stm32f40_41xxx.o
    0x20003818   0x00000400   Zero   RW          693    STACK               startup_stm32f40_41xxx.o


==============================================================================

Image component sizes


      Code (inc. data)   RO Data    RW Data    ZI Data      Debug   Object Name

       132         14          0          0          0       1267   bsp.o
       112          8          0         24         88       1871   common_fcn.o
        52          0          0          0          0        364   cpu_a.o
       680         14        260          4         16      14983   cpu_core.o
      7116        532          0        148         12      11577   ctrl.o
       328         24          0          4          0       1989   delay.o
       780         92          0          0          0       1664   exti.o
       104         10          0          0          0     232683   led.o
       598          0          0          0          0       4020   lib_ascii.o
      2502         32          0          4       1096      22568   lib_mem.o
       544          0          0          0          0        508   lib_mem_a.o
      2348          6        148          0          0      14050   lib_str.o
      1556        222          0          0       4732     303447   main.o
       224         20          0          0          0       2061   misc.o
       252        166        164          0       5264      21106   os_cfg_app.o
      3568        284          0          0          0      12729   os_core.o
       172         32          0          0          0        432   os_cpu_a.o
      1016         64          0          4          0       4281   os_cpu_c.o
       432        286        364          0          0       4917   os_dbg.o
      3624        110          0          0          0       8363   os_flag.o
      1092        146          0          0          0       2472   os_int.o
       568         20          0          0          0       2992   os_mem.o
       556         12          0          0          0       2979   os_msg.o
      2772        114          0          0          0       5898   os_mutex.o
       124          4          0          8          0       2060   os_prio.o
      2264         76          0          0          0       6660   os_q.o
      2096         70          0          0          0       6680   os_sem.o
      1592        180          0          0          0       2953   os_stat.o
      7096        270          0          0          0      14510   os_task.o
      1276         90          0          0          0       3569   os_tick.o
      1380         46          0          0          0       3425   os_time.o
      2072        140          0          0          0       6806   os_tmr.o
         0          0          0        200       1760      19437   os_var.o
      1800         96          0         36          0       3962   pwm.o
        64         26        392          0       1536        872   startup_stm32f40_41xxx.o
       272         10          0          0          0       2531   stm32f4xx_exti.o
       660         44          0          0          0       4397   stm32f4xx_gpio.o
        22          0          0          0          0      49371   stm32f4xx_it.o
      1628         52          0         16          0      13352   stm32f4xx_rcc.o
       148         12          0          0          0       1953   stm32f4xx_syscfg.o
      3234         60          0          0          0      23252   stm32f4xx_tim.o
      1108         34          0          0          0       8124   stm32f4xx_usart.o
       528         46          0         20          0       1939   system_stm32f4xx.o
       112          6          0          0          0      40420   timer.o
       896         72          0          9        213       5997   usart.o
      1068         92          0         44         11       3702   usart2.o
       500         32          0         11         14       2761   usart3.o

    ----------------------------------------------------------------------
     61076       3666       1364        536      14744     907954   Object Totals
         0          0         32          0          0          0   (incl. Generated)
         8          0          4          4          2          0   (incl. Padding)

    ----------------------------------------------------------------------

      Code (inc. data)   RO Data    RW Data    ZI Data      Debug   Library Member Name

        58          0          0          0          0          0   __dczerorl.o
         8          0          0          0          0         68   __main.o
       104          0          0          0          0         84   __printf.o
        14          0          0          0          0         68   __printf_wp.o
         0          0          0          0          0          0   __rtentry.o
        12          0          0          0          0          0   __rtentry2.o
         6          0          0          0          0          0   __rtentry4.o
        52          8          0          0          0          0   __scatter.o
        28          0          0          0          0          0   __scatter_zi.o
        28          0          0          0          0         68   _chval.o
        48          6          0          0          0         96   _printf_char_common.o
        36          4          0          0          0         80   _printf_char_file.o
         6          0          0          0          0          0   _printf_d.o
       120         16          0          0          0         92   _printf_dec.o
         6          0          0          0          0          0   _printf_f.o
      1050          0          0          0          0        216   _printf_fp_dec.o
       128         16          0          0          0         84   _printf_fp_infnan.o
       178          0          0          0          0         88   _printf_intcommon.o
         0          0          0          0          0          0   _printf_percent.o
         4          0          0          0          0          0   _printf_percent_end.o
        22          0          0          0          0        100   _rserrno.o
        64          0          0          0          0         84   _sgetc.o
        10          0          0          0          0         68   _sputc.o
       220          4        148          0          0         96   bigflt0.o
      2074        132          0          0          0        940   btod.o
        18          0          0          0          0         80   exit.o
         8          0          0          0          0         68   ferror.o
         6          0          0          0          0        152   heapauxi.o
        18          0          0          0          0         76   isspace.o
        44         10        272          0          0         76   lc_ctype_c.o
        44         10         28          0          0         76   lc_numeric_c.o
         2          0          0          0          0          0   libinit.o
        34          0          0          0          0          0   libinit2.o
         2          0          0          0          0          0   libshutdown.o
         2          0          0          0          0          0   libshutdown2.o
         8          4          0          0         96         68   libspace.o
        38          0          0          0          0         68   llshl.o
       138          0          0          0          0         80   lludiv10.o
       238          0          0          0          0        100   lludivv7m.o
        24          4          0          0          0         84   noretval__2printf.o
        40          6          0          0          0         84   noretval__2sprintf.o
        16          4          0          0          0         76   rt_ctype_table.o
         8          4          0          0          0         68   rt_errno_addr_intlibspace.o
         8          4          0          0          0         68   rt_locale_intlibspace.o
         2          0          0          0          0          0   rtexit.o
        10          0          0          0          0          0   rtexit2.o
      1188         12          0          0          0        148   scanf_fp.o
       800         14          0          0          0        100   scanf_hexfp.o
       308         16          0          0          0        100   scanf_infnan.o
       128          0          0          0          0         68   strcmpv7m.o
        32          0          0          0          0         80   strcspn.o
        28          0          0          0          0         80   strspn.o
       164         14          0          0          0        120   strtod.o
        12          6          0          4          0         68   strtok.o
        68          4          0          0          0         84   strtok_int.o
        74          0          0          0          0         80   sys_stackheap_outer.o
         2          0          0          0          0         68   use_no_semi.o
         2          0          0          0          0         68   use_no_semi_2.o
        24          0          0          0          0        164   basic.o
        98          4          0          0          0        140   d2f.o
       826         16          0          0          0        492   daddsub_clz.o
        16          4          0          0          0        116   dcheck1.o
        24          0          0          0          0        116   dcmpi.o
       688        140          0          0          0        256   ddiv.o
       120          4          0          0          0        140   deqf.o
        94          4          0          0          0        140   dfix.o
        90          4          0          0          0        140   dfixu.o
        84          0          0          0          0        232   dflt_clz.o
       120          4          0          0          0        140   dleqf.o
       340         12          0          0          0        152   dmul.o
       156          4          0          0          0        140   dnaninf.o
        12          0          0          0          0        116   dretinf.o
       108          0          0          0          0        128   drleqf.o
       408         56          0          0          0        168   dsqrt_umaal.o
        86          4          0          0          0        132   f2d.o
       140          4          0          0          0        132   fnaninf.o
         0          0          8          0          0          0   fpconst.o
        10          0          0          0          0        116   fpinit.o
        10          0          0          0          0        116   fretinf.o
         4          0          0          0          0        116   printf1.o
       100          0          0          0          0        116   retnan.o
        92          0          0          0          0        116   scalbn.o
         4          0          0          0          0        116   scanf1.o
         8          0          0          0          0        132   scanf2.o
        48          0          0          0          0        116   trapv.o
         0          0          0          0          0          0   usenofp.o
       744        106        152          0          0        352   atan.o
       496         64          0          0          0        192   atan2.o
        56         12          0          0          0        132   atof.o
       200         20          0          0          0        164   cos.o
       368         46         48          0          0        200   cos_i.o
       136         24          0          0          0        620   dunder.o
        24          0          0          0          0        124   fabs.o
        48          0          0          0          0        124   fpclassify.o
       140         22          0          0          0        132   frexp.o
       228          8          0          0          0        308   ldexp.o
       184         18          0          0          0        152   narrow.o
       248          0          0          0          0        152   poly.o
         0          0          8          0          0          0   qnan.o
      1080        142        200          0          0        188   rred.o
       200         20          0          0          0        164   sin.o
       304         24         40          0          0        208   sin_i.o
       122          0          0          0          0        148   sqrt.o

    ----------------------------------------------------------------------
     16120       1066        904          4        100      11868   Library Totals
        42          2          0          0          4          0   (incl. Padding)

    ----------------------------------------------------------------------

      Code (inc. data)   RO Data    RW Data    ZI Data      Debug   Library Name

      7790        298        448          4         96       4520   c_w.l
      3710        260          8          0          0       3988   fz_wm.l
      4578        506        448          0          0       3360   m_wm.l

    ----------------------------------------------------------------------
     16120       1066        904          4        100      11868   Library Totals

    ----------------------------------------------------------------------

==============================================================================


      Code (inc. data)   RO Data    RW Data    ZI Data      Debug   

     77196       4732       2268        540      14844     901974   Grand Totals
     77196       4732       2268         44      14844     901974   ELF Image Totals (compressed)
     77196       4732       2268         44          0          0   ROM Totals

==============================================================================

    Total RO  Size (Code + RO Data)                79464 (  77.60kB)
    Total RW  Size (RW Data + ZI Data)             15384 (  15.02kB)
    Total ROM Size (Code + RO Data + RW Data)      79508 (  77.64kB)

==============================================================================

