Component: ARM Compiler 5.06 update 4 (build 422) Tool: armlink [4d35d2]

==============================================================================

Section Cross References

    main.o(.text) refers to _printf_percent.o(.ARM.Collect$$_printf_percent$$00000000) for _printf_percent
    main.o(.text) refers to _printf_d.o(.ARM.Collect$$_printf_percent$$00000009) for _printf_d
    main.o(.text) refers to _printf_f.o(.ARM.Collect$$_printf_percent$$00000003) for _printf_f
    main.o(.text) refers to _printf_dec.o(.text) for _printf_int_dec
    main.o(.text) refers to printf1.o(x$fpl$printf1) for _printf_fp_dec
    main.o(.text) refers to ctrl.o(.text) for Calculate_State
    main.o(.text) refers to os_time.o(.text) for OSTimeDlyHMSM
    main.o(.text) refers to cpu_a.o(.text) for CPU_SR_Save
    main.o(.text) refers to usart2.o(.text) for Data_Process
    main.o(.text) refers to os_core.o(.text) for OS_Sched0
    main.o(.text) refers to usart.o(.text) for Process
    main.o(.text) refers to f2d.o(x$fpl$f2d) for __aeabi_f2d
    main.o(.text) refers to noretval__2printf.o(.text) for __2printf
    main.o(.text) refers to led.o(.text) for led_turn
    main.o(.text) refers to cpu_core.o(.text) for CPU_Init
    main.o(.text) refers to os_stat.o(.text) for OSStatTaskCPUUsageInit
    main.o(.text) refers to os_task.o(.text) for OSTaskCreate
    main.o(.text) refers to delay.o(.text) for delay_init
    main.o(.text) refers to misc.o(.text) for NVIC_PriorityGroupConfig
    main.o(.text) refers to usart3.o(.text) for uart3_init
    main.o(.text) refers to usart2.o(.data) for Process_finish_flag
    main.o(.text) refers to os_var.o(.data) for OSSchedLockNestingCtr
    main.o(.text) refers to usart.o(.data) for Process_finish_flag_exp_state
    main.o(.text) refers to common_fcn.o(.bss) for State
    main.o(.text) refers to main.o(.bss) for LED_TASK_STK
    main.o(.text) refers to pwm.o(.text) for PWM_Init
    main.o(.text) refers to exti.o(.text) for EXTIX_Init
    system_stm32f4xx.o(.text) refers to system_stm32f4xx.o(.data) for SystemCoreClock
    common_fcn.o(.text) refers to dflt_clz.o(x$fpl$dflt) for __aeabi_i2d
    common_fcn.o(.text) refers to f2d.o(x$fpl$f2d) for __aeabi_f2d
    common_fcn.o(.text) refers to sin.o(i.__hardfp_sin) for __hardfp_sin
    common_fcn.o(.text) refers to dmul.o(x$fpl$dmul) for __aeabi_dmul
    common_fcn.o(.text) refers to cos.o(i.__hardfp_cos) for __hardfp_cos
    common_fcn.o(.text) refers to daddsub_clz.o(x$fpl$dadd) for __aeabi_dadd
    common_fcn.o(.text) refers to daddsub_clz.o(x$fpl$dsub) for __aeabi_dsub
    common_fcn.o(.text) refers to d2f.o(x$fpl$d2f) for __aeabi_d2f
    common_fcn.o(.text) refers to basic.o(x$fpl$basic) for __aeabi_dneg
    common_fcn.o(.text) refers to common_fcn.o(.bss) for State
    ctrl.o(.text) refers to pwm.o(.text) for motor_pid
    ctrl.o(.text) refers to f2d.o(x$fpl$f2d) for __aeabi_f2d
    ctrl.o(.text) refers to sqrt.o(i.__hardfp_sqrt) for __hardfp_sqrt
    ctrl.o(.text) refers to ddiv.o(x$fpl$ddiv) for __aeabi_ddiv
    ctrl.o(.text) refers to dmul.o(x$fpl$dmul) for __aeabi_dmul
    ctrl.o(.text) refers to daddsub_clz.o(x$fpl$dadd) for __aeabi_dadd
    ctrl.o(.text) refers to d2f.o(x$fpl$d2f) for __aeabi_d2f
    ctrl.o(.text) refers to daddsub_clz.o(x$fpl$dsub) for __aeabi_dsub
    ctrl.o(.text) refers to common_fcn.o(.text) for my_abs
    ctrl.o(.text) refers to common_fcn.o(.bss) for State
    ctrl.o(.text) refers to ctrl.o(.data) for temp1
    ctrl.o(.text) refers to os_time.o(.text) for OSTimeGet
    ctrl.o(.text) refers to atan2.o(i.__hardfp_atan2) for __hardfp_atan2
    ctrl.o(.text) refers to cos.o(i.__hardfp_cos) for __hardfp_cos
    ctrl.o(.text) refers to sin.o(i.__hardfp_sin) for __hardfp_sin
    ctrl.o(.text) refers to basic.o(x$fpl$basic) for __aeabi_dneg
    ctrl.o(.text) refers to dflt_clz.o(x$fpl$dflt) for __aeabi_i2d
    ctrl.o(.text) refers to ctrl.o(.bss) for linear_vxy
    ctrl.o(.text) refers to common_fcn.o(.data) for steps_L
    brocaster.o(.text) refers to _printf_percent.o(.ARM.Collect$$_printf_percent$$00000000) for _printf_percent
    brocaster.o(.text) refers to _printf_d.o(.ARM.Collect$$_printf_percent$$00000009) for _printf_d
    brocaster.o(.text) refers to _printf_dec.o(.text) for _printf_int_dec
    brocaster.o(.text) refers to common_fcn.o(.text) for my_abs
    brocaster.o(.text) refers to noretval__2sprintf.o(.text) for __2sprintf
    brocaster.o(.text) refers to usart.o(.text) for UART1_Put_String_with_space
    brocaster.o(.text) refers to common_fcn.o(.bss) for State
    led.o(.text) refers to stm32f4xx_rcc.o(.text) for RCC_AHB1PeriphClockCmd
    led.o(.text) refers to stm32f4xx_gpio.o(.text) for GPIO_Init
    exti.o(.text) refers to os_core.o(.text) for OSIntEnter
    exti.o(.text) refers to stm32f4xx_exti.o(.text) for EXTI_GetITStatus
    exti.o(.text) refers to noretval__2printf.o(.text) for __2printf
    exti.o(.text) refers to stm32f4xx_rcc.o(.text) for RCC_AHB1PeriphClockCmd
[...]
    Str_Char_Last_N                          0x08006bb7   Thumb Code    76  lib_str.o(.text)
    Str_Char_Last                            0x08006c03   Thumb Code    24  lib_str.o(.text)
    Str_Char_Replace_N                       0x08006c1b   Thumb Code    52  lib_str.o(.text)
    Str_Char_Replace                         0x08006c4f   Thumb Code    28  lib_str.o(.text)
    Str_Str_N                                0x08006c6b   Thumb Code   182  lib_str.o(.text)
    Str_Str                                  0x08006d21   Thumb Code    24  lib_str.o(.text)
    Str_FmtNbr_Int32U                        0x08006f15   Thumb Code    46  lib_str.o(.text)
    Str_FmtNbr_Int32S                        0x08006f43   Thumb Code    62  lib_str.o(.text)
    Str_ParseNbr_Int32U                      0x0800713f   Thumb Code    30  lib_str.o(.text)
    Str_ParseNbr_Int32S                      0x0800715d   Thumb Code    74  lib_str.o(.text)
    Mem_Copy                                 0x080071ad   Thumb Code     0  lib_mem_a.o(.text)
    OSCfg_Init                               0x080073cd   Thumb Code    86  os_cfg_app.o(.text)
    OS_IdleTask                              0x080074c9   Thumb Code    60  os_core.o(.text)
    OS_IdleTaskInit                          0x08007505   Thumb Code    68  os_core.o(.text)
    OS_RdyListInit                           0x08007549   Thumb Code    32  os_core.o(.text)
    OSInit                                   0x08007569   Thumb Code   300  os_core.o(.text)
    OSIntEnter                               0x08007695   Thumb Code    34  os_core.o(.text)
    OSIntExit                                0x080076b7   Thumb Code   188  os_core.o(.text)
    OSSched                                  0x08007773   Thumb Code   130  os_core.o(.text)
    OS_SchedLockTimeMeasStart                0x080077f5   Thumb Code    20  os_core.o(.text)
    OSSchedLock                              0x08007809   Thumb Code   104  os_core.o(.text)
    OS_SchedLockTimeMeasStop                 0x08007871   Thumb Code    44  os_core.o(.text)
    OSSchedUnlock                            0x0800789d   Thumb Code   286  os_core.o(.text)
    OSSchedRoundRobinCfg                     0x080079bb   Thumb Code    88  os_core.o(.text)
    OS_RdyListMoveHeadToTail                 0x08007a13   Thumb Code    68  os_core.o(.text)
    OSSchedRoundRobinYield                   0x08007a57   Thumb Code   164  os_core.o(.text)
    OSStart                                  0x08007afb   Thumb Code    78  os_core.o(.text)
    OSVersion                                0x08007b49   Thumb Code    12  os_core.o(.text)
    OS_PendDbgNameAdd                        0x08007b55   Thumb Code    66  os_core.o(.text)
    OS_PendListInsertPrio                    0x08007b97   Thumb Code   102  os_core.o(.text)
    OS_PendDataInit                          0x08007bfd   Thumb Code    38  os_core.o(.text)
    OS_RdyListRemove                         0x08007c23   Thumb Code    86  os_core.o(.text)
    OS_TaskBlock                             0x08007c79   Thumb Code    56  os_core.o(.text)
    OS_Pend                                  0x08007cb1   Thumb Code    98  os_core.o(.text)
    OS_PendListRemove1                       0x08007d13   Thumb Code   136  os_core.o(.text)
    OS_PendListRemove                        0x08007d9b   Thumb Code    48  os_core.o(.text)
    OS_PendAbort1                            0x08007dcb   Thumb Code    36  os_core.o(.text)
    OS_RdyListInsertHead                     0x08007def   Thumb Code    58  os_core.o(.text)
    OS_RdyListInsertTail                     0x08007e29   Thumb Code    56  os_core.o(.text)
    OS_RdyListInsert                         0x08007e61   Thumb Code    40  os_core.o(.text)
    OS_TaskRdy                               0x08007e89   Thumb Code    28  os_core.o(.text)
    OS_PendAbort                             0x08007ea5   Thumb Code   166  os_core.o(.text)
    OS_PendDbgNameRemove                     0x08007f4b   Thumb Code    34  os_core.o(.text)
    OS_PendListChangePrio                    0x08007f6d   Thumb Code    70  os_core.o(.text)
    OS_PendListInit                          0x08007fb3   Thumb Code    10  os_core.o(.text)
    OS_PendListInsertHead                    0x08007fbd   Thumb Code    32  os_core.o(.text)
    OS_PendObjDel1                           0x08007fdd   Thumb Code    36  os_core.o(.text)
    OS_PendObjDel                            0x08008001   Thumb Code   162  os_core.o(.text)
    OS_Post1                                 0x080080a3   Thumb Code    42  os_core.o(.text)
    OS_Post                                  0x080080cd   Thumb Code   192  os_core.o(.text)
    OS_Sched0                                0x0800818d   Thumb Code    68  os_core.o(.text)
    OS_SchedRoundRobin                       0x080081d1   Thumb Code   218  os_core.o(.text)
    OS_Dbg_Init                              0x080082b9   Thumb Code   146  os_dbg.o(.text)
    OS_FlagDbgListAdd                        0x08008469   Thumb Code    38  os_flag.o(.text)
    OSFlagCreate                             0x0800848f   Thumb Code   172  os_flag.o(.text)
    OS_FlagClr                               0x0800853b   Thumb Code    28  os_flag.o(.text)
    OS_FlagDbgListRemove                     0x08008557   Thumb Code    44  os_flag.o(.text)
    OSFlagDel                                0x08008583   Thumb Code   594  os_flag.o(.text)
    OS_FlagBlock                             0x080087d5   Thumb Code    58  os_flag.o(.text)
    OSFlagPend                               0x0800880f   Thumb Code  1488  os_flag.o(.text)
    OSFlagPendAbort                          0x08008ddf   Thumb Code   292  os_flag.o(.text)
    OSFlagPendGetFlagsRdy                    0x08008f03   Thumb Code    68  os_flag.o(.text)
    OS_FlagTaskRdy                           0x08008f47   Thumb Code    86  os_flag.o(.text)
    OS_FlagPost                              0x08008f9d   Thumb Code   570  os_flag.o(.text)
    OSFlagPost                               0x080091d7   Thumb Code   146  os_flag.o(.text)
    OS_FlagInit                              0x08009269   Thumb Code    14  os_flag.o(.text)
    OS_IntQPost                              0x08009291   Thumb Code   216  os_int.o(.text)
    OS_IntQRePost                            0x08009369   Thumb Code   360  os_int.o(.text)
    OS_IntQTask                              0x080094d1   Thumb Code   162  os_int.o(.text)
    OS_IntQTaskInit                          0x08009573   Thumb Code   208  os_int.o(.text)
    OS_MemDbgListAdd                         0x080096d5   Thumb Code    34  os_mem.o(.text)
    OSMemCreate                              0x080096f7   Thumb Code   288  os_mem.o(.text)
    OSMemGet                                 0x08009817   Thumb Code   100  os_mem.o(.text)
    OSMemPut                                 0x0800987b   Thumb Code   112  os_mem.o(.text)
    OS_MemInit                               0x080098eb   Thumb Code    14  os_mem.o(.text)
    OS_MsgPoolCreate                         0x0800990d   Thumb Code    54  os_msg.o(.text)
    OS_MsgPoolInit                           0x08009943   Thumb Code    70  os_msg.o(.text)
    OS_MsgQFreeAll                           0x08009989   Thumb Code    62  os_msg.o(.text)
    OS_MsgQInit                              0x080099c7   Thumb Code    14  os_msg.o(.text)
    OS_MsgQGet                               0x080099d5   Thumb Code    98  os_msg.o(.text)
    OS_MsgQPut                               0x08009a37   Thumb Code   246  os_msg.o(.text)
    OS_MutexDbgListAdd                       0x08009b39   Thumb Code    38  os_mutex.o(.text)
    OSMutexCreate                            0x08009b5f   Thumb Code   178  os_mutex.o(.text)
    OS_MutexClr                              0x08009c11   Thumb Code    38  os_mutex.o(.text)
    OS_MutexDbgListRemove                    0x08009c37   Thumb Code    44  os_mutex.o(.text)
    OSMutexDel                               0x08009c63   Thumb Code   842  os_mutex.o(.text)
    OSMutexPend                              0x08009fad   Thumb Code   706  os_mutex.o(.text)
    OSMutexPendAbort                         0x0800a26f   Thumb Code   314  os_mutex.o(.text)
    OSMutexPost                              0x0800a3a9   Thumb Code   564  os_mutex.o(.text)
    OS_MutexInit                             0x0800a5dd   Thumb Code    14  os_mutex.o(.text)
    OS_PrioInit                              0x0800a60d   Thumb Code    20  os_prio.o(.text)
    OS_PrioGetHighest                        0x0800a621   Thumb Code    36  os_prio.o(.text)
    OS_PrioInsert                            0x0800a645   Thumb Code    32  os_prio.o(.text)
    OS_PrioRemove                            0x0800a665   Thumb Code    32  os_prio.o(.text)
    OS_QDbgListAdd                           0x0800a689   Thumb Code    38  os_q.o(.text)
    OSQCreate                                0x0800a6af   Thumb Code   186  os_q.o(.text)
    OS_QClr                                  0x0800a769   Thumb Code    40  os_q.o(.text)
    OS_QDbgListRemove                        0x0800a791   Thumb Code    44  os_q.o(.text)
    OSQDel                                   0x0800a7bd   Thumb Code   362  os_q.o(.text)
    OSQFlush                                 0x0800a927   Thumb Code   210  os_q.o(.text)
    OSQPend                                  0x0800a9f9   Thumb Code   538  os_q.o(.text)
    OSQPendAbort                             0x0800ac13   Thumb Code   292  os_q.o(.text)
    OS_QPost                                 0x0800ad37   Thumb Code   324  os_q.o(.text)
    OSQPost                                  0x0800ae7b   Thumb Code   198  os_q.o(.text)
    OS_QInit                                 0x0800af41   Thumb Code    14  os_q.o(.text)
    OS_SemDbgListAdd                         0x0800af61   Thumb Code    38  os_sem.o(.text)
    OSSemCreate                              0x0800af87   Thumb Code   172  os_sem.o(.text)
    OS_SemClr                                0x0800b033   Thumb Code    28  os_sem.o(.text)
    OS_SemDbgListRemove                      0x0800b04f   Thumb Code    44  os_sem.o(.text)
    OSSemDel                                 0x0800b07b   Thumb Code   362  os_sem.o(.text)
    OSSemPend                                0x0800b1e5   Thumb Code   504  os_sem.o(.text)
    OSSemPendAbort                           0x0800b3dd   Thumb Code   292  os_sem.o(.text)
    OS_SemPost                               0x0800b501   Thumb Code   350  os_sem.o(.text)
    OSSemPost                                0x0800b65f   Thumb Code   144  os_sem.o(.text)
    OSSemSet                                 0x0800b6ef   Thumb Code   138  os_sem.o(.text)
    OS_SemInit                               0x0800b779   Thumb Code    14  os_sem.o(.text)
    OSStatReset                              0x0800b791   Thumb Code   270  os_stat.o(.text)
    OSStatTaskCPUUsageInit                   0x0800b89f   Thumb Code   212  os_stat.o(.text)
    OS_StatTask                              0x0800b973   Thumb Code   888  os_stat.o(.text)
    OS_StatTaskInit                          0x0800bceb   Thumb Code   138  os_stat.o(.text)
    OSTaskChangePrio                         0x0800bdc9   Thumb Code   416  os_task.o(.text)
    OS_TaskDbgListAdd                        0x0800bf69   Thumb Code    42  os_task.o(.text)
    OS_TaskInitTCB                           0x0800bf93   Thumb Code   190  os_task.o(.text)
    OSTaskCreate                             0x0800c051   Thumb Code   616  os_task.o(.text)
    OS_TaskDbgListRemove                     0x0800c2b9   Thumb Code    64  os_task.o(.text)
    OSTaskDel                                0x0800c2f9   Thumb Code   424  os_task.o(.text)
    OSTaskQFlush                             0x0800c4a1   Thumb Code   214  os_task.o(.text)
    OSTaskQPend                              0x0800c577   Thumb Code   554  os_task.o(.text)
    OSTaskQPendAbort                         0x0800c7a1   Thumb Code   242  os_task.o(.text)
    OS_TaskQPost                             0x0800c893   Thumb Code   526  os_task.o(.text)
    OSTaskQPost                              0x0800caa1   Thumb Code   114  os_task.o(.text)
    OSTaskRegGet                             0x0800cb13   Thumb Code    78  os_task.o(.text)
    OSTaskRegGetID                           0x0800cb61   Thumb Code    84  os_task.o(.text)
    OSTaskRegSet                             0x0800cbb5   Thumb Code    78  os_task.o(.text)
    OS_TaskResume                            0x0800cc03   Thumb Code   314  os_task.o(.text)
    OSTaskResume                             0x0800cd3d   Thumb Code   112  os_task.o(.text)
    OSTaskSemPend                            0x0800cdad   Thumb Code   550  os_task.o(.text)
    OSTaskSemPendAbort                       0x0800cfd3   Thumb Code   270  os_task.o(.text)
    OS_TaskSemPost                           0x0800d0e1   Thumb Code  1224  os_task.o(.text)
    OSTaskSemPost                            0x0800d5a9   Thumb Code    98  os_task.o(.text)
    OSTaskSemSet                             0x0800d60b   Thumb Code    80  os_task.o(.text)
    OSTaskStkChk                             0x0800d65b   Thumb Code   224  os_task.o(.text)
    OS_TaskSuspend                           0x0800d73b   Thumb Code   328  os_task.o(.text)
    OSTaskSuspend                            0x0800d883   Thumb Code    78  os_task.o(.text)
    OSTaskTimeQuantaSet                      0x0800d8d1   Thumb Code    96  os_task.o(.text)
    OS_TaskInit                              0x0800d931   Thumb Code    18  os_task.o(.text)
    OS_TaskReturn                            0x0800d943   Thumb Code    20  os_task.o(.text)
    OS_TickListRemove                        0x0800d981   Thumb Code    56  os_tick.o(.text)
    OS_TickListUpdate                        0x0800d9b9   Thumb Code   480  os_tick.o(.text)
    OS_TickTask                              0x0800db99   Thumb Code    38  os_tick.o(.text)
    OS_TickListInit                          0x0800dbbf   Thumb Code    32  os_tick.o(.text)
    OS_TickTaskInit                          0x0800dbdf   Thumb Code   130  os_tick.o(.text)
    OS_TickListInsert                        0x0800dc61   Thumb Code   502  os_tick.o(.text)
    OS_TickListResetPeak                     0x0800de57   Thumb Code    28  os_tick.o(.text)
    OSTimeDly                                0x0800de7d   Thumb Code   266  os_time.o(.text)
    OSTimeDlyHMSM                            0x0800df87   Thumb Code   480  os_time.o(.text)
    OSTimeDlyResume                          0x0800e167   Thumb Code   466  os_time.o(.text)
    OSTimeGet                                0x0800e339   Thumb Code    46  os_time.o(.text)
    OSTimeSet                                0x0800e367   Thumb Code    46  os_time.o(.text)
    OSTimeTick                               0x0800e395   Thumb Code    54  os_time.o(.text)
    OS_TmrDbgListAdd                         0x0800e3e1   Thumb Code    34  os_tmr.o(.text)
    OSTmrCreate                              0x0800e403   Thumb Code   248  os_tmr.o(.text)
    OS_TmrClr                                0x0800e4fb   Thumb Code    36  os_tmr.o(.text)
    OS_TmrUnlink                             0x0800e51f   Thumb Code    72  os_tmr.o(.text)
    OS_TmrDbgListRemove                      0x0800e567   Thumb Code    44  os_tmr.o(.text)
    OSTmrDel                                 0x0800e593   Thumb Code   176  os_tmr.o(.text)
    OSTmrRemainGet                           0x0800e643   Thumb Code   184  os_tmr.o(.text)
    OS_TmrLink                               0x0800e6fb   Thumb Code   196  os_tmr.o(.text)
    OSTmrStart                               0x0800e7bf   Thumb Code   210  os_tmr.o(.text)
    OSTmrStateGet                            0x0800e891   Thumb Code   134  os_tmr.o(.text)
    OSTmrStop                                0x0800e917   Thumb Code   232  os_tmr.o(.text)
    OS_TmrTask                               0x0800e9ff   Thumb Code   176  os_tmr.o(.text)
    OS_TmrInit                               0x0800eaaf   Thumb Code   208  os_tmr.o(.text)
    OS_TmrResetPeak                          0x0800eb7f   Thumb Code    28  os_tmr.o(.text)
    OSIdleTaskHook                           0x0800ebf9   Thumb Code    16  os_cpu_c.o(.text)
    OSInitHook                               0x0800ec09   Thumb Code    28  os_cpu_c.o(.text)
    OSStatTaskHook                           0x0800ec25   Thumb Code    16  os_cpu_c.o(.text)
    OSTaskCreateHook                         0x0800ec35   Thumb Code    20  os_cpu_c.o(.text)
    OSTaskDelHook                            0x0800ec49   Thumb Code    20  os_cpu_c.o(.text)
    OSTaskReturnHook                         0x0800ec5d   Thumb Code    20  os_cpu_c.o(.text)
    OSTaskStkInit                            0x0800ec71   Thumb Code   600  os_cpu_c.o(.text)
    OSTaskSwHook                             0x0800eec9   Thumb Code   120  os_cpu_c.o(.text)
    OSTimeTickHook                           0x0800ef41   Thumb Code    16  os_cpu_c.o(.text)
    OS_CPU_SysTickHandler                    0x0800ef51   Thumb Code    52  os_cpu_c.o(.text)
    OS_CPU_SysTickInit                       0x0800ef85   Thumb Code    44  os_cpu_c.o(.text)
    __use_no_semihosting                     0x0800eff1   Thumb Code     2  use_no_semi_2.o(.text)
    __aeabi_uldivmod                         0x0800eff3   Thumb Code     0  lludivv7m.o(.text)
    _ll_udiv                                 0x0800eff3   Thumb Code   238  lludivv7m.o(.text)
    __2printf                                0x0800f0e1   Thumb Code    20  noretval__2printf.o(.text)
    __2sprintf                               0x0800f0f9   Thumb Code    34  noretval__2sprintf.o(.text)
    __printf                                 0x0800f121   Thumb Code   104  __printf.o(.text)
    _printf_int_dec                          0x0800f189   Thumb Code   104  _printf_dec.o(.text)
    strtok                                   0x0800f201   Thumb Code     6  strtok.o(.text)
    strcmp                                   0x0800f20d   Thumb Code   128  strcmpv7m.o(.text)
    __use_two_region_memory                  0x0800f28d   Thumb Code     2  heapauxi.o(.text)
    __rt_heap_escrow$2region                 0x0800f28f   Thumb Code     2  heapauxi.o(.text)
    __rt_heap_expand$2region                 0x0800f291   Thumb Code     2  heapauxi.o(.text)
    __I$use$semihosting                      0x0800f293   Thumb Code     0  use_no_semi.o(.text)
    __use_no_semihosting_swi                 0x0800f293   Thumb Code     2  use_no_semi.o(.text)
    __read_errno                             0x0800f295   Thumb Code    10  _rserrno.o(.text)
    __set_errno                              0x0800f29f   Thumb Code    12  _rserrno.o(.text)
    _printf_int_common                       0x0800f2ab   Thumb Code   178  _printf_intcommon.o(.text)
    __lib_sel_fp_printf                      0x0800f35d   Thumb Code     2  _printf_fp_dec.o(.text)
    _printf_fp_dec_real                      0x0800f50b   Thumb Code   620  _printf_fp_dec.o(.text)
    _printf_char_common                      0x0800f783   Thumb Code    32  _printf_char_common.o(.text)
    _sputc                                   0x0800f7a9   Thumb Code    10  _sputc.o(.text)
    _printf_char_file                        0x0800f7b5   Thumb Code    32  _printf_char_file.o(.text)
    __strtod_int                             0x0800f815   Thumb Code    90  strtod.o(.text)
    __strtok_internal                        0x0800f87d   Thumb Code    64  strtok_int.o(.text)
    __rt_locale                              0x0800f8c1   Thumb Code     8  rt_locale_intlibspace.o(.text)
    __aeabi_errno_addr                       0x0800f8c9   Thumb Code     8  rt_errno_addr_intlibspace.o(.text)
    __errno$intlibspace                      0x0800f8c9   Thumb Code     0  rt_errno_addr_intlibspace.o(.text)
    __rt_errno_addr$intlibspace              0x0800f8c9   Thumb Code     0  rt_errno_addr_intlibspace.o(.text)
    _ll_udiv10                               0x0800f8d1   Thumb Code   138  lludiv10.o(.text)
    isspace                                  0x0800f95b   Thumb Code    18  isspace.o(.text)
    _printf_fp_infnan                        0x0800f96d   Thumb Code   112  _printf_fp_infnan.o(.text)
    _sgetc                                   0x0800f9ed   Thumb Code    30  _sgetc.o(.text)
    _sbackspace                              0x0800fa0b   Thumb Code    34  _sgetc.o(.text)
    _btod_etento                             0x0800fa2d   Thumb Code   216  bigflt0.o(.text)
    ferror                                   0x0800fb09   Thumb Code     8  ferror.o(.text)
    strcspn                                  0x0800fb11   Thumb Code    32  strcspn.o(.text)
    strspn                                   0x0800fb31   Thumb Code    28  strspn.o(.text)
    __user_libspace                          0x0800fb4d   Thumb Code     8  libspace.o(.text)
    __user_perproc_libspace                  0x0800fb4d   Thumb Code     0  libspace.o(.text)
    __user_perthread_libspace                0x0800fb4d   Thumb Code     0  libspace.o(.text)
    __user_setup_stackheap                   0x0800fb55   Thumb Code    74  sys_stackheap_outer.o(.text)
    __rt_ctype_table                         0x0800fba1   Thumb Code    16  rt_ctype_table.o(.text)
    _scanf_really_real                       0x0800fdad   Thumb Code   668  scanf_fp.o(.text)
    exit                                     0x08010055   Thumb Code    18  exit.o(.text)
    _scanf_really_hex_real                   0x08010069   Thumb Code   786  scanf_hexfp.o(.text)
    _scanf_really_infnan                     0x08010389   Thumb Code   292  scanf_infnan.o(.text)
    __aeabi_llsl                             0x080104bd   Thumb Code     0  llshl.o(.text)
    _ll_shift_l                              0x080104bd   Thumb Code    38  llshl.o(.text)
    _chval                                   0x080104e3   Thumb Code    28  _chval.o(.text)
    _btod_d2e                                0x080104ff   Thumb Code    62  btod.o(CL$$btod_d2e)
    _d2e_denorm_low                          0x0801053d   Thumb Code    70  btod.o(CL$$btod_d2e_denorm_low)
    _d2e_norm_op1                            0x08010583   Thumb Code    96  btod.o(CL$$btod_d2e_norm_op1)
    __btod_div_common                        0x080105e3   Thumb Code   696  btod.o(CL$$btod_div_common)
    _e2d                                     0x0801091d   Thumb Code    80  btod.o(CL$$btod_e2d)
    _e2e                                     0x08010971   Thumb Code   198  btod.o(CL$$btod_e2e)
    _btod_ediv                               0x08010a37   Thumb Code    40  btod.o(CL$$btod_ediv)
    _btod_edivd                              0x08010a5f   Thumb Code    40  btod.o(CL$$btod_edivd)
    _btod_emul                               0x08010a87   Thumb Code    40  btod.o(CL$$btod_emul)
    _btod_emuld                              0x08010aaf   Thumb Code    40  btod.o(CL$$btod_emuld)
    __btod_mult_common                       0x08010ad7   Thumb Code   580  btod.o(CL$$btod_mult_common)
    OSStartHighRdy                           0x08010d1d   Thumb Code     0  os_cpu_a.o(CODE)
    OSCtxSw                                  0x08010d3f   Thumb Code     0  os_cpu_a.o(CODE)
    OSIntCtxSw                               0x08010d49   Thumb Code     0  os_cpu_a.o(CODE)
    PendSV_Handler                           0x08010d53   Thumb Code     0  os_cpu_a.o(CODE)
    __ARM_fpclassify                         0x08010dc9   Thumb Code    48  fpclassify.o(i.__ARM_fpclassify)
    __hardfp_atan                            0x08010df9   Thumb Code   622  atan.o(i.__hardfp_atan)
    __hardfp_atan2                           0x080110d1   Thumb Code   432  atan2.o(i.__hardfp_atan2)
    __hardfp_atof                            0x080112c1   Thumb Code    44  atof.o(i.__hardfp_atof)
    __hardfp_cos                             0x080112f9   Thumb Code   180  cos.o(i.__hardfp_cos)
    __hardfp_ldexp                           0x080113c1   Thumb Code   200  ldexp.o(i.__hardfp_ldexp)
    __hardfp_sin                             0x08011491   Thumb Code   180  sin.o(i.__hardfp_sin)
    __hardfp_sqrt                            0x08011559   Thumb Code   122  sqrt.o(i.__hardfp_sqrt)
    __ieee754_rem_pio2                       0x080115d9   Thumb Code   938  rred.o(i.__ieee754_rem_pio2)
    __kernel_cos                             0x08011a11   Thumb Code   322  cos_i.o(i.__kernel_cos)
    __kernel_poly                            0x08011b81   Thumb Code   248  poly.o(i.__kernel_poly)
    __kernel_sin                             0x08011c79   Thumb Code   280  sin_i.o(i.__kernel_sin)
    __mathlib_dbl_infnan                     0x08011da9   Thumb Code    20  dunder.o(i.__mathlib_dbl_infnan)
    __mathlib_dbl_infnan2                    0x08011dbd   Thumb Code    20  dunder.o(i.__mathlib_dbl_infnan2)
    __mathlib_dbl_invalid                    0x08011dd1   Thumb Code    24  dunder.o(i.__mathlib_dbl_invalid)
    __mathlib_dbl_overflow                   0x08011df1   Thumb Code    24  dunder.o(i.__mathlib_dbl_overflow)
    __mathlib_dbl_underflow                  0x08011e11   Thumb Code    24  dunder.o(i.__mathlib_dbl_underflow)
    __mathlib_narrow                         0x08011e31   Thumb Code   166  narrow.o(i.__mathlib_narrow)
    __support_ldexp                          0x08011ee9   Thumb Code    20  ldexp.o(i.__support_ldexp)
    _is_digit                                0x08011efd   Thumb Code    14  __printf_wp.o(i._is_digit)
    atan                                     0x08011f0b   Thumb Code    16  atan.o(i.atan)
    fabs                                     0x08011f1b   Thumb Code    24  fabs.o(i.fabs)
    frexp                                    0x08011f39   Thumb Code   118  frexp.o(i.frexp)
    _get_lc_numeric                          0x08011fc5   Thumb Code    44  lc_numeric_c.o(locale$$code)
    _get_lc_ctype                            0x08011ff1   Thumb Code    44  lc_ctype_c.o(locale$$code)
    __aeabi_dneg                             0x0801201d   Thumb Code     0  basic.o(x$fpl$basic)
    _dneg                                    0x0801201d   Thumb Code     6  basic.o(x$fpl$basic)
    __aeabi_fneg                             0x08012023   Thumb Code     0  basic.o(x$fpl$basic)
    _fneg                                    0x08012023   Thumb Code     6  basic.o(x$fpl$basic)
    _dabs                                    0x08012029   Thumb Code     6  basic.o(x$fpl$basic)
    _fabs                                    0x0801202f   Thumb Code     6  basic.o(x$fpl$basic)
    __aeabi_d2f                              0x08012035   Thumb Code     0  d2f.o(x$fpl$d2f)
    _d2f                                     0x08012035   Thumb Code    98  d2f.o(x$fpl$d2f)
    __aeabi_dadd                             0x08012099   Thumb Code     0  daddsub_clz.o(x$fpl$dadd)
    _dadd                                    0x08012099   Thumb Code   332  daddsub_clz.o(x$fpl$dadd)
    __fpl_dcheck_NaN1                        0x080121e9   Thumb Code    10  dcheck1.o(x$fpl$dcheck1)
    __fpl_dcmp_Inf                           0x080121f9   Thumb Code    24  dcmpi.o(x$fpl$dcmpinf)
    __aeabi_ddiv                             0x08012211   Thumb Code     0  ddiv.o(x$fpl$ddiv)
    _ddiv                                    0x08012211   Thumb Code   552  ddiv.o(x$fpl$ddiv)
    __aeabi_cdcmpeq                          0x080124c1   Thumb Code     0  deqf.o(x$fpl$deqf)
    _dcmpeq                                  0x080124c1   Thumb Code   120  deqf.o(x$fpl$deqf)
    __aeabi_d2iz                             0x08012539   Thumb Code     0  dfix.o(x$fpl$dfix)
    _dfix                                    0x08012539   Thumb Code    94  dfix.o(x$fpl$dfix)
    __aeabi_d2uiz                            0x08012599   Thumb Code     0  dfixu.o(x$fpl$dfixu)
    _dfixu                                   0x08012599   Thumb Code    90  dfixu.o(x$fpl$dfixu)
    __aeabi_i2d                              0x080125f3   Thumb Code     0  dflt_clz.o(x$fpl$dflt)
    _dflt                                    0x080125f3   Thumb Code    46  dflt_clz.o(x$fpl$dflt)
    __aeabi_ui2d                             0x08012621   Thumb Code     0  dflt_clz.o(x$fpl$dfltu)
    _dfltu                                   0x08012621   Thumb Code    38  dflt_clz.o(x$fpl$dfltu)
    __aeabi_cdcmple                          0x08012649   Thumb Code     0  dleqf.o(x$fpl$dleqf)
    _dcmple                                  0x08012649   Thumb Code   120  dleqf.o(x$fpl$dleqf)
    __fpl_dcmple_InfNaN                      0x080126ab   Thumb Code     0  dleqf.o(x$fpl$dleqf)
    __aeabi_dmul                             0x080126c1   Thumb Code     0  dmul.o(x$fpl$dmul)
    _dmul                                    0x080126c1   Thumb Code   332  dmul.o(x$fpl$dmul)
    __fpl_dnaninf                            0x08012815   Thumb Code   156  dnaninf.o(x$fpl$dnaninf)
    __fpl_dretinf                            0x080128b1   Thumb Code    12  dretinf.o(x$fpl$dretinf)
    __aeabi_cdrcmple                         0x080128bd   Thumb Code     0  drleqf.o(x$fpl$drleqf)
    _drcmple                                 0x080128bd   Thumb Code   108  drleqf.o(x$fpl$drleqf)
    __aeabi_drsub                            0x08012929   Thumb Code     0  daddsub_clz.o(x$fpl$drsb)
    _drsb                                    0x08012929   Thumb Code    22  daddsub_clz.o(x$fpl$drsb)
    _dsqrt                                   0x08012941   Thumb Code   404  dsqrt_umaal.o(x$fpl$dsqrt)
    __aeabi_dsub                             0x08012ad9   Thumb Code     0  daddsub_clz.o(x$fpl$dsub)
    _dsub                                    0x08012ad9   Thumb Code   464  daddsub_clz.o(x$fpl$dsub)
    __aeabi_f2d                              0x08012cad   Thumb Code     0  f2d.o(x$fpl$f2d)
    _f2d                                     0x08012cad   Thumb Code    86  f2d.o(x$fpl$f2d)
    __fpl_fnaninf                            0x08012d03   Thumb Code   140  fnaninf.o(x$fpl$fnaninf)
    _fp_init                                 0x08012d8f   Thumb Code    10  fpinit.o(x$fpl$fpinit)
    __fplib_config_fpu_vfp                   0x08012d97   Thumb Code     0  fpinit.o(x$fpl$fpinit)
    __fplib_config_pureend_doubles           0x08012d97   Thumb Code     0  fpinit.o(x$fpl$fpinit)
    __fpl_fretinf                            0x08012d99   Thumb Code    10  fretinf.o(x$fpl$fretinf)
    _printf_fp_dec                           0x08012da3   Thumb Code     4  printf1.o(x$fpl$printf1)
    __fpl_return_NaN                         0x08012da7   Thumb Code   100  retnan.o(x$fpl$retnan)
    __ARM_scalbn                             0x08012e0b   Thumb Code    92  scalbn.o(x$fpl$scalbn)
    _scanf_real                              0x08012e67   Thumb Code     4  scanf1.o(x$fpl$scanf1)
    _scanf_hex_real                          0x08012e6b   Thumb Code     4  scanf2.o(x$fpl$scanf2)
    _scanf_infnan                            0x08012e6f   Thumb Code     4  scanf2.o(x$fpl$scanf2)
    __fpl_cmpreturn                          0x08012e73   Thumb Code    48  trapv.o(x$fpl$trapveneer)
    __I$use$fp                               0x08012ea2   Number         0  usenofp.o(x$fpl$usenofp)
    CPU_EndiannessTest                       0x08012fa4   Data           4  cpu_core.o(.constdata)
    OSCfg_IdleTaskStkBasePtr                 0x0801303c   Data           4  os_cfg_app.o(.constdata)
    OSCfg_IdleTaskStkLimit                   0x08013040   Data           4  os_cfg_app.o(.constdata)
    OSCfg_IdleTaskStkSize                    0x08013044   Data           4  os_cfg_app.o(.constdata)
    OSCfg_IdleTaskStkSizeRAM                 0x08013048   Data           4  os_cfg_app.o(.constdata)
    OSCfg_IntQBasePtr                        0x0801304c   Data           4  os_cfg_app.o(.constdata)
    OSCfg_IntQSize                           0x08013050   Data           2  os_cfg_app.o(.constdata)
    OSCfg_IntQSizeRAM                        0x08013054   Data           4  os_cfg_app.o(.constdata)
    OSCfg_IntQTaskStkBasePtr                 0x08013058   Data           4  os_cfg_app.o(.constdata)
    OSCfg_IntQTaskStkLimit                   0x0801305c   Data           4  os_cfg_app.o(.constdata)
    OSCfg_IntQTaskStkSize                    0x08013060   Data           4  os_cfg_app.o(.constdata)
    OSCfg_IntQTaskStkSizeRAM                 0x08013064   Data           4  os_cfg_app.o(.constdata)
    OSCfg_ISRStkBasePtr                      0x08013068   Data           4  os_cfg_app.o(.constdata)
    OSCfg_ISRStkSize                         0x0801306c   Data           4  os_cfg_app.o(.constdata)
    OSCfg_ISRStkSizeRAM                      0x08013070   Data           4  os_cfg_app.o(.constdata)
    OSCfg_MsgPoolSize                        0x08013074   Data           2  os_cfg_app.o(.constdata)
    OSCfg_MsgPoolSizeRAM                     0x08013078   Data           4  os_cfg_app.o(.constdata)
    OSCfg_MsgPoolBasePtr                     0x0801307c   Data           4  os_cfg_app.o(.constdata)
    OSCfg_StatTaskPrio                       0x08013080   Data           1  os_cfg_app.o(.constdata)
    OSCfg_StatTaskRate_Hz                    0x08013084   Data           4  os_cfg_app.o(.constdata)
    OSCfg_StatTaskStkBasePtr                 0x08013088   Data           4  os_cfg_app.o(.constdata)
    OSCfg_StatTaskStkLimit                   0x0801308c   Data           4  os_cfg_app.o(.constdata)
    OSCfg_StatTaskStkSize                    0x08013090   Data           4  os_cfg_app.o(.constdata)
    OSCfg_StatTaskStkSizeRAM                 0x08013094   Data           4  os_cfg_app.o(.constdata)
    OSCfg_StkSizeMin                         0x08013098   Data           4  os_cfg_app.o(.constdata)
    OSCfg_TickRate_Hz                        0x0801309c   Data           4  os_cfg_app.o(.constdata)
    OSCfg_TickTaskPrio                       0x080130a0   Data           1  os_cfg_app.o(.constdata)
    OSCfg_TickTaskStkBasePtr                 0x080130a4   Data           4  os_cfg_app.o(.constdata)
    OSCfg_TickTaskStkLimit                   0x080130a8   Data           4  os_cfg_app.o(.constdata)
    OSCfg_TickTaskStkSize                    0x080130ac   Data           4  os_cfg_app.o(.constdata)
    OSCfg_TickTaskStkSizeRAM                 0x080130b0   Data           4  os_cfg_app.o(.constdata)
    OSCfg_TickWheelSize                      0x080130b4   Data           2  os_cfg_app.o(.constdata)
    OSCfg_TickWheelSizeRAM                   0x080130b8   Data           4  os_cfg_app.o(.constdata)
    OSCfg_TmrTaskPrio                        0x080130bc   Data           1  os_cfg_app.o(.constdata)
    OSCfg_TmrTaskRate_Hz                     0x080130c0   Data           4  os_cfg_app.o(.constdata)
    OSCfg_TmrTaskStkBasePtr                  0x080130c4   Data           4  os_cfg_app.o(.constdata)
    OSCfg_TmrTaskStkLimit                    0x080130c8   Data           4  os_cfg_app.o(.constdata)
    OSCfg_TmrTaskStkSize                     0x080130cc   Data           4  os_cfg_app.o(.constdata)
    OSCfg_TmrTaskStkSizeRAM                  0x080130d0   Data           4  os_cfg_app.o(.constdata)
    OSCfg_TmrWheelSize                       0x080130d4   Data           2  os_cfg_app.o(.constdata)
    OSCfg_TmrWheelSizeRAM                    0x080130d8   Data           4  os_cfg_app.o(.constdata)
    OSCfg_DataSizeRAM                        0x080130dc   Data           4  os_cfg_app.o(.constdata)
    OSDbg_DbgEn                              0x080130e0   Data           2  os_dbg.o(.constdata)
    OSDbg_ArgChkEn                           0x080130e2   Data           1  os_dbg.o(.constdata)
    OSDbg_AppHooksEn                         0x080130e3   Data           1  os_dbg.o(.constdata)
    OSDbg_EndiannessTest                     0x080130e4   Data           4  os_dbg.o(.constdata)
    OSDbg_CalledFromISRChkEn                 0x080130e8   Data           1  os_dbg.o(.constdata)
    OSDbg_FlagEn                             0x080130e9   Data           1  os_dbg.o(.constdata)
    OSDbg_FlagGrp                            0x080130ec   Data          40  os_dbg.o(.constdata)
    OSDbg_FlagDelEn                          0x08013114   Data           1  os_dbg.o(.constdata)
    OSDbg_FlagModeClrEn                      0x08013115   Data           1  os_dbg.o(.constdata)
    OSDbg_FlagPendAbortEn                    0x08013116   Data           1  os_dbg.o(.constdata)
    OSDbg_FlagGrpSize                        0x08013118   Data           2  os_dbg.o(.constdata)
    OSDbg_FlagWidth                          0x0801311a   Data           2  os_dbg.o(.constdata)
    OSDbg_IntQ                               0x0801311c   Data           2  os_dbg.o(.constdata)
    OSDbg_ISRPostDeferredEn                  0x0801311e   Data           1  os_dbg.o(.constdata)
    OSDbg_Mem                                0x08013120   Data          32  os_dbg.o(.constdata)
    OSDbg_MemEn                              0x08013140   Data           1  os_dbg.o(.constdata)
    OSDbg_MemSize                            0x08013142   Data           2  os_dbg.o(.constdata)
    OSDbg_MsgEn                              0x08013144   Data           1  os_dbg.o(.constdata)
    OSDbg_MsgSize                            0x08013146   Data           2  os_dbg.o(.constdata)
    OSDbg_MsgPoolSize                        0x08013148   Data           2  os_dbg.o(.constdata)
    OSDbg_MsgQSize                           0x0801314a   Data           2  os_dbg.o(.constdata)
    OSDbg_Mutex                              0x0801314c   Data          44  os_dbg.o(.constdata)
    OSDbg_MutexEn                            0x08013178   Data           1  os_dbg.o(.constdata)
    OSDbg_MutexDelEn                         0x08013179   Data           1  os_dbg.o(.constdata)
    OSDbg_MutexPendAbortEn                   0x0801317a   Data           1  os_dbg.o(.constdata)
    OSDbg_MutexSize                          0x0801317c   Data           2  os_dbg.o(.constdata)
    OSDbg_ObjTypeChkEn                       0x0801317e   Data           1  os_dbg.o(.constdata)
    OSDbg_PendMultiEn                        0x0801317f   Data           1  os_dbg.o(.constdata)
    OSDbg_PendDataSize                       0x08013180   Data           2  os_dbg.o(.constdata)
    OSDbg_PendListSize                       0x08013182   Data           2  os_dbg.o(.constdata)
    OSDbg_PendObjSize                        0x08013184   Data           2  os_dbg.o(.constdata)
    OSDbg_PrioMax                            0x08013186   Data           2  os_dbg.o(.constdata)
    OSDbg_PrioTblSize                        0x08013188   Data           2  os_dbg.o(.constdata)
    OSDbg_PtrSize                            0x0801318a   Data           2  os_dbg.o(.constdata)
    OSDbg_Q                                  0x0801318c   Data          48  os_dbg.o(.constdata)
    OSDbg_QEn                                0x080131bc   Data           1  os_dbg.o(.constdata)
    OSDbg_QDelEn                             0x080131bd   Data           1  os_dbg.o(.constdata)
    OSDbg_QFlushEn                           0x080131be   Data           1  os_dbg.o(.constdata)
    OSDbg_QPendAbortEn                       0x080131bf   Data           1  os_dbg.o(.constdata)
    OSDbg_QSize                              0x080131c0   Data           2  os_dbg.o(.constdata)
    OSDbg_SchedRoundRobinEn                  0x080131c2   Data           1  os_dbg.o(.constdata)
    OSDbg_Sem                                0x080131c4   Data          40  os_dbg.o(.constdata)
    OSDbg_SemEn                              0x080131ec   Data           1  os_dbg.o(.constdata)
    OSDbg_SemDelEn                           0x080131ed   Data           1  os_dbg.o(.constdata)
    OSDbg_SemPendAbortEn                     0x080131ee   Data           1  os_dbg.o(.constdata)
    OSDbg_SemSetEn                           0x080131ef   Data           1  os_dbg.o(.constdata)
    OSDbg_SemSize                            0x080131f0   Data           2  os_dbg.o(.constdata)
    OSDbg_RdyList                            0x080131f2   Data           2  os_dbg.o(.constdata)
    OSDbg_RdyListSize                        0x080131f4   Data           4  os_dbg.o(.constdata)
    OSDbg_StkWidth                           0x080131f8   Data           1  os_dbg.o(.constdata)
    OSDbg_StatTaskEn                         0x080131f9   Data           1  os_dbg.o(.constdata)
    OSDbg_StatTaskStkChkEn                   0x080131fa   Data           1  os_dbg.o(.constdata)
    OSDbg_TaskChangePrioEn                   0x080131fb   Data           1  os_dbg.o(.constdata)
    OSDbg_TaskDelEn                          0x080131fc   Data           1  os_dbg.o(.constdata)
    OSDbg_TaskQEn                            0x080131fd   Data           1  os_dbg.o(.constdata)
    OSDbg_TaskQPendAbortEn                   0x080131fe   Data           1  os_dbg.o(.constdata)
    OSDbg_TaskProfileEn                      0x080131ff   Data           1  os_dbg.o(.constdata)
    OSDbg_TaskRegTblSize                     0x08013200   Data           2  os_dbg.o(.constdata)
    OSDbg_TaskSemPendAbortEn                 0x08013202   Data           1  os_dbg.o(.constdata)
    OSDbg_TaskSuspendEn                      0x08013203   Data           1  os_dbg.o(.constdata)
    OSDbg_TCBSize                            0x08013204   Data           2  os_dbg.o(.constdata)
    OSDbg_TickSpokeSize                      0x08013206   Data           2  os_dbg.o(.constdata)
    OSDbg_TimeDlyHMSMEn                      0x08013208   Data           1  os_dbg.o(.constdata)
    OSDbg_TimeDlyResumeEn                    0x08013209   Data           1  os_dbg.o(.constdata)
    OSDbg_TLS_TblSize                        0x0801320a   Data           2  os_dbg.o(.constdata)
    OSDbg_Tmr                                0x0801320c   Data          52  os_dbg.o(.constdata)
    OSDbg_TmrEn                              0x08013240   Data           1  os_dbg.o(.constdata)
    OSDbg_TmrDelEn                           0x08013241   Data           1  os_dbg.o(.constdata)
    OSDbg_TmrSize                            0x08013242   Data           2  os_dbg.o(.constdata)
    OSDbg_TmrSpokeSize                       0x08013244   Data           2  os_dbg.o(.constdata)
    OSDbg_VersionNbr                         0x08013246   Data           2  os_dbg.o(.constdata)
    OSDbg_DataSize                           0x08013248   Data           4  os_dbg.o(.constdata)
    __mathlib_zero                           0x08013318   Data           8  qnan.o(.constdata)
    Region$$Table$$Base                      0x080134a4   Number         0  anon$$obj.o(Region$$Table)
    Region$$Table$$Limit                     0x080134c4   Number         0  anon$$obj.o(Region$$Table)
    __aeabi_HUGE_VAL                         0x080134c4   Data           0  fpconst.o(c$$dinf)
    __aeabi_HUGE_VALL                        0x080134c4   Data           0  fpconst.o(c$$dinf)
    __aeabi_INFINITY                         0x080134c4   Data           0  fpconst.o(c$$dinf)
    __dInf                                   0x080134c4   Data           0  fpconst.o(c$$dinf)
    __huge_val                               0x080134c4   Data           0  fpconst.o(c$$dinf)
    __ctype                                  0x080134f5   Data           0  lc_ctype_c.o(locale$$data)
    SystemCoreClock                          0x20000000   Data           4  system_stm32f4xx.o(.data)
    AHBPrescTable                            0x20000004   Data          16  system_stm32f4xx.o(.data)
    steps1                                   0x20000014   Data           4  common_fcn.o(.data)
    steps2                                   0x20000018   Data           4  common_fcn.o(.data)
    steps3                                   0x2000001c   Data           4  common_fcn.o(.data)
    steps4                                   0x20000020   Data           4  common_fcn.o(.data)
    steps_L                                  0x20000024   Data           4  common_fcn.o(.data)
    steps_R                                  0x20000028   Data           4  common_fcn.o(.data)
    Kp_x                                     0x2000002c   Data           4  ctrl.o(.data)
    Ki_x                                     0x20000030   Data           4  ctrl.o(.data)
    Kd_x                                     0x20000034   Data           4  ctrl.o(.data)
    exp_x                                    0x20000038   Data           2  ctrl.o(.data)
    exp_y                                    0x2000003a   Data           2  ctrl.o(.data)
    action_mode                              0x2000003c   Data           1  ctrl.o(.data)
    axis_tracker                             0x2000003d   Data           1  ctrl.o(.data)
    Motion_ENABLE                            0x2000003e   Data           1  ctrl.o(.data)
    Kp                                       0x20000040   Data           4  ctrl.o(.data)
    Kd                                       0x20000044   Data           4  ctrl.o(.data)
    Process_finish_flag                      0x200000e4   Data           1  usart2.o(.data)
    USART2_RX_COUNT                          0x200000e5   Data           1  usart2.o(.data)
    Ax                                       0x200000e8   Data           4  usart2.o(.data)
    Ay                                       0x200000ec   Data           4  usart2.o(.data)
    Az                                       0x200000f0   Data           4  usart2.o(.data)
    Pitch                                    0x200000f4   Data           4  usart2.o(.data)
    Roll                                     0x200000f8   Data           4  usart2.o(.data)
    Yaw                                      0x200000fc   Data           4  usart2.o(.data)
    Temperature                              0x20000100   Data           4  usart2.o(.data)
    continue_Yaw                             0x20000104   Data           4  usart2.o(.data)
    counter                                  0x20000110   Data           1  usart3.o(.data)
    tracker_pos                              0x20000112   Data           4  usart3.o(.data)
    tracker_area                             0x20000116   Data           2  usart3.o(.data)
    CircleFound                              0x20000118   Data           1  usart3.o(.data)
    rec3_bit                                 0x20000119   Data           1  usart3.o(.data)
    rec_state                                0x2000011a   Data           1  usart3.o(.data)
    __stdout                                 0x20000130   Data           4  usart.o(.data)
    USART_RX_STA                             0x20000134   Data           2  usart.o(.data)
    counter_usart1                           0x20000136   Data           1  usart.o(.data)
    Process_finish_flag_exp_state            0x20000137   Data           1  usart.o(.data)
    rec_bit                                  0x20000138   Data           1  usart.o(.data)
    CPU_TS_TmrFreq_Hz                        0x2000013c   Data           4  cpu_core.o(.data)
    Mem_PoolTbl                              0x20000140   Data           4  lib_mem.o(.data)
    OSPrioTbl                                0x20000144   Data           8  os_prio.o(.data)
    OS_AppTaskCreateHookPtr                  0x2000014c   Data           4  os_var.o(.data)
    OS_AppTaskDelHookPtr                     0x20000150   Data           4  os_var.o(.data)
    OS_AppTaskReturnHookPtr                  0x20000154   Data           4  os_var.o(.data)
    OS_AppIdleTaskHookPtr                    0x20000158   Data           4  os_var.o(.data)
    OS_AppStatTaskHookPtr                    0x2000015c   Data           4  os_var.o(.data)
    OS_AppTaskSwHookPtr                      0x20000160   Data           4  os_var.o(.data)
    OS_AppTimeTickHookPtr                    0x20000164   Data           4  os_var.o(.data)
    OSIdleTaskCtr                            0x20000168   Data           4  os_var.o(.data)
    OSIntNestingCtr                          0x2000016c   Data           1  os_var.o(.data)
    OSRunning                                0x2000016d   Data           1  os_var.o(.data)
    OSIntQInPtr                              0x20000170   Data           4  os_var.o(.data)
    OSIntQOutPtr                             0x20000174   Data           4  os_var.o(.data)
    OSIntQNbrEntries                         0x20000178   Data           2  os_var.o(.data)
    OSIntQNbrEntriesMax                      0x2000017a   Data           2  os_var.o(.data)
    OSIntQOvfCtr                             0x2000017c   Data           2  os_var.o(.data)
    OSIntQTaskTimeMax                        0x20000180   Data           4  os_var.o(.data)
    OSFlagDbgListPtr                         0x20000184   Data           4  os_var.o(.data)
    OSFlagQty                                0x20000188   Data           2  os_var.o(.data)
    OSMemDbgListPtr                          0x2000018c   Data           4  os_var.o(.data)
    OSMemQty                                 0x20000190   Data           2  os_var.o(.data)
    OSMutexDbgListPtr                        0x20000194   Data           4  os_var.o(.data)
    OSMutexQty                               0x20000198   Data           2  os_var.o(.data)
    OSPrioCur                                0x2000019a   Data           1  os_var.o(.data)
    OSPrioHighRdy                            0x2000019b   Data           1  os_var.o(.data)
    OSPrioSaved                              0x2000019c   Data           1  os_var.o(.data)
    OSQDbgListPtr                            0x200001a0   Data           4  os_var.o(.data)
    OSQQty                                   0x200001a4   Data           2  os_var.o(.data)
    OSSchedLockTimeBegin                     0x200001a8   Data           4  os_var.o(.data)
    OSSchedLockTimeMax                       0x200001ac   Data           4  os_var.o(.data)
    OSSchedLockTimeMaxCur                    0x200001b0   Data           4  os_var.o(.data)
    OSSchedLockNestingCtr                    0x200001b4   Data           1  os_var.o(.data)
    OSSchedRoundRobinDfltTimeQuanta          0x200001b8   Data           4  os_var.o(.data)
    OSSchedRoundRobinEn                      0x200001bc   Data           1  os_var.o(.data)
    OSSemDbgListPtr                          0x200001c0   Data           4  os_var.o(.data)
    OSSemQty                                 0x200001c4   Data           2  os_var.o(.data)
    OSStatResetFlag                          0x200001c6   Data           1  os_var.o(.data)
    OSStatTaskCPUUsage                       0x200001c8   Data           2  os_var.o(.data)
    OSStatTaskCPUUsageMax                    0x200001ca   Data           2  os_var.o(.data)
    OSStatTaskCtr                            0x200001cc   Data           4  os_var.o(.data)
    OSStatTaskCtrMax                         0x200001d0   Data           4  os_var.o(.data)
    OSStatTaskCtrRun                         0x200001d4   Data           4  os_var.o(.data)
    OSStatTaskRdy                            0x200001d8   Data           1  os_var.o(.data)
    OSStatTaskTimeMax                        0x200001dc   Data           4  os_var.o(.data)
    OSTaskCtxSwCtr                           0x200001e0   Data           4  os_var.o(.data)
    OSTaskDbgListPtr                         0x200001e4   Data           4  os_var.o(.data)
    OSTaskQty                                0x200001e8   Data           2  os_var.o(.data)
    OSTaskRegNextAvailID                     0x200001ea   Data           1  os_var.o(.data)
    OSTickCtr                                0x200001ec   Data           4  os_var.o(.data)
    OSTickTaskTimeMax                        0x200001f0   Data           4  os_var.o(.data)
    OSTmrDbgListPtr                          0x200001f4   Data           4  os_var.o(.data)
    OSTmrQty                                 0x200001f8   Data           2  os_var.o(.data)
    OSTmrTaskTimeMax                         0x200001fc   Data           4  os_var.o(.data)
    OSTmrTickCtr                             0x20000200   Data           4  os_var.o(.data)
    OSTmrUpdateCnt                           0x20000204   Data           4  os_var.o(.data)
    OSTmrUpdateCtr                           0x20000208   Data           4  os_var.o(.data)
    OSTCBCurPtr                              0x2000020c   Data           4  os_var.o(.data)
    OSTCBHighRdyPtr                          0x20000210   Data           4  os_var.o(.data)
    OS_CPU_ExceptStkBase                     0x20000214   Data           4  os_cpu_c.o(.data)
    StartTaskTCB                             0x2000021c   Data         196  main.o(.bss)
    START_TASK_STK                           0x200002e0   Data         512  main.o(.bss)
    LED_TASK_TaskTCB                         0x200004e0   Data         196  main.o(.bss)
    LED_TASK_STK                             0x200005a4   Data         512  main.o(.bss)
    Print_Task_TaskTCB                       0x200007a4   Data         196  main.o(.bss)
    PRINT_TASK_STK                           0x20000868   Data        1024  main.o(.bss)
    Gesture_Change_TaskTCB                   0x20000c68   Data         196  main.o(.bss)
    GESTURE_CHANGE_TASK_STK                  0x20000d2c   Data         512  main.o(.bss)
    Ctrl_TaskTCB                             0x20000f2c   Data         196  main.o(.bss)
    CTRL_TASK_STK                            0x20000ff0   Data        1024  main.o(.bss)
    State                                    0x200013f0   Data          44  common_fcn.o(.bss)
    Exp_State                                0x2000141c   Data          44  common_fcn.o(.bss)
    linear_vxy                               0x20001448   Data          12  ctrl.o(.bss)
    USART2_RX_DAT                            0x20001454   Data          11  usart2.o(.bss)
    Res                                      0x2000145f   Data          14  usart3.o(.bss)
    USART_RX_BUF                             0x2000146d   Data         200  usart.o(.bss)
    rec                                      0x20001535   Data          13  usart.o(.bss)
    CPU_Name                                 0x20001542   Data          16  cpu_core.o(.bss)
    Mem_PoolHeap                             0x20001554   Data          72  lib_mem.o(.bss)
    Mem_Heap                                 0x2000159c   Data        1024  lib_mem.o(.bss)
    OSCfg_IdleTaskStk                        0x2000199c   Data         512  os_cfg_app.o(.bss)
    OSCfg_IntQ                               0x20001b9c   Data         320  os_cfg_app.o(.bss)
    OSCfg_IntQTaskStk                        0x20001cdc   Data         512  os_cfg_app.o(.bss)
    OSCfg_ISRStk                             0x20001edc   Data         512  os_cfg_app.o(.bss)
    OSCfg_MsgPool                            0x200020dc   Data        1600  os_cfg_app.o(.bss)
    OSCfg_StatTaskStk                        0x2000271c   Data         512  os_cfg_app.o(.bss)
    OSCfg_TickTaskStk                        0x2000291c   Data         512  os_cfg_app.o(.bss)
    OSCfg_TickWheel                          0x20002b1c   Data         136  os_cfg_app.o(.bss)
    OSCfg_TmrTaskStk                         0x20002ba4   Data         512  os_cfg_app.o(.bss)
    OSCfg_TmrWheel                           0x20002da4   Data         136  os_cfg_app.o(.bss)
    OSIdleTaskTCB                            0x20002e2c   Data         196  os_var.o(.bss)
    OSIntQTaskTCB                            0x20002ef0   Data         196  os_var.o(.bss)
    OSMsgPool                                0x20002fb4   Data          12  os_var.o(.bss)
    OSRdyList                                0x20002fc0   Data         768  os_var.o(.bss)
    OSStatTaskTCB                            0x200032c0   Data         196  os_var.o(.bss)
    OSTickTaskTCB                            0x20003384   Data         196  os_var.o(.bss)
    OSTmrTaskTCB                             0x20003448   Data         196  os_var.o(.bss)
    __libspace_start                         0x2000350c   Data          96  libspace.o(.bss)
    __temporary_stack_top$libspace           0x2000356c   Data           0  libspace.o(.bss)



==============================================================================

Memory Map of the image

  Image Entry point : 0x08000189

  Load Region LR_IROM1 (Base: 0x08000000, Size: 0x00013814, Max: 0x00080000, ABSOLUTE, COMPRESSED[0x00013628])

    Execution Region ER_IROM1 (Base: 0x08000000, Size: 0x000135f8, Max: 0x00080000, ABSOLUTE)

    Base Addr    Size         Type   Attr      Idx    E Section Name        Object

    0x08000000   0x00000188   Data   RO          528    RESET               startup_stm32f40_41xxx.o
    0x08000188   0x00000008   Code   RO         1311  * !!!main             c_w.l(__main.o)
    0x08000190   0x00000034   Code   RO         1777    !!!scatter          c_w.l(__scatter.o)
    0x080001c4   0x0000003a   Code   RO         1775    !!dczerorl          c_w.l(__dczerorl.o)
    0x080001fe   0x00000002   PAD
    0x08000200   0x0000001c   Code   RO         1779    !!handler_zi        c_w.l(__scatter_zi.o)
    0x0800021c   0x00000000   Code   RO         1303    .ARM.Collect$$_printf_percent$$00000000  c_w.l(_printf_percent.o)
    0x0800021c   0x00000006   Code   RO         1302    .ARM.Collect$$_printf_percent$$00000003  c_w.l(_printf_f.o)
    0x08000222   0x00000006   Code   RO         1301    .ARM.Collect$$_printf_percent$$00000009  c_w.l(_printf_d.o)
    0x08000228   0x00000004   Code   RO         1416    .ARM.Collect$$_printf_percent$$00000017  c_w.l(_printf_percent_end.o)
    0x0800022c   0x00000002   Code   RO         1590    .ARM.Collect$$libinit$$00000000  c_w.l(libinit.o)
    0x0800022e   0x00000004   Code   RO         1591    .ARM.Collect$$libinit$$00000001  c_w.l(libinit2.o)
    0x08000232   0x00000000   Code   RO         1594    .ARM.Collect$$libinit$$00000004  c_w.l(libinit2.o)
    0x08000232   0x00000000   Code   RO         1597    .ARM.Collect$$libinit$$0000000A  c_w.l(libinit2.o)
    0x08000232   0x00000000   Code   RO         1599    .ARM.Collect$$libinit$$0000000C  c_w.l(libinit2.o)
    0x08000232   0x00000000   Code   RO         1601    .ARM.Collect$$libinit$$0000000E  c_w.l(libinit2.o)
    0x08000232   0x00000006   Code   RO         1602    .ARM.Collect$$libinit$$0000000F  c_w.l(libinit2.o)
    0x08000238   0x00000000   Code   RO         1604    .ARM.Collect$$libinit$$00000011  c_w.l(libinit2.o)
    0x08000238   0x0000000c   Code   RO         1605    .ARM.Collect$$libinit$$00000012  c_w.l(libinit2.o)
    0x08000244   0x00000000   Code   RO         1606    .ARM.Collect$$libinit$$00000013  c_w.l(libinit2.o)
    0x08000244   0x00000000   Code   RO         1608    .ARM.Collect$$libinit$$00000015  c_w.l(libinit2.o)
    0x08000244   0x0000000a   Code   RO         1609    .ARM.Collect$$libinit$$00000016  c_w.l(libinit2.o)
    0x0800024e   0x00000000   Code   RO         1610    .ARM.Collect$$libinit$$00000017  c_w.l(libinit2.o)
    0x0800024e   0x00000000   Code   RO         1612    .ARM.Collect$$libinit$$00000019  c_w.l(libinit2.o)
    0x0800024e   0x00000000   Code   RO         1614    .ARM.Collect$$libinit$$0000001B  c_w.l(libinit2.o)
    0x0800024e   0x00000000   Code   RO         1616    .ARM.Collect$$libinit$$0000001D  c_w.l(libinit2.o)
    0x0800024e   0x00000000   Code   RO         1618    .ARM.Collect$$libinit$$0000001F  c_w.l(libinit2.o)
    0x0800024e   0x00000000   Code   RO         1620    .ARM.Collect$$libinit$$00000021  c_w.l(libinit2.o)
    0x0800024e   0x00000000   Code   RO         1622    .ARM.Collect$$libinit$$00000023  c_w.l(libinit2.o)
    0x0800024e   0x00000000   Code   RO         1624    .ARM.Collect$$libinit$$00000025  c_w.l(libinit2.o)
    0x0800024e   0x00000000   Code   RO         1628    .ARM.Collect$$libinit$$0000002C  c_w.l(libinit2.o)
    0x0800024e   0x00000000   Code   RO         1630    .ARM.Collect$$libinit$$0000002E  c_w.l(libinit2.o)
    0x0800024e   0x00000000   Code   RO         1632    .ARM.Collect$$libinit$$00000030  c_w.l(libinit2.o)
    0x0800024e   0x00000000   Code   RO         1634    .ARM.Collect$$libinit$$00000032  c_w.l(libinit2.o)
    0x0800024e   0x00000002   Code   RO         1635    .ARM.Collect$$libinit$$00000033  c_w.l(libinit2.o)
    0x08000250   0x00000002   Code   RO         1715    .ARM.Collect$$libshutdown$$00000000  c_w.l(libshutdown.o)
    0x08000252   0x00000000   Code   RO         1750    .ARM.Collect$$libshutdown$$00000002  c_w.l(libshutdown2.o)
    0x08000252   0x00000000   Code   RO         1752    .ARM.Collect$$libshutdown$$00000004  c_w.l(libshutdown2.o)
    0x08000252   0x00000000   Code   RO         1755    .ARM.Collect$$libshutdown$$00000007  c_w.l(libshutdown2.o)
    0x08000252   0x00000000   Code   RO         1758    .ARM.Collect$$libshutdown$$0000000A  c_w.l(libshutdown2.o)
    0x08000252   0x00000000   Code   RO         1760    .ARM.Collect$$libshutdown$$0000000C  c_w.l(libshutdown2.o)
    0x08000252   0x00000000   Code   RO         1763    .ARM.Collect$$libshutdown$$0000000F  c_w.l(libshutdown2.o)
    0x08000252   0x00000002   Code   RO         1764    .ARM.Collect$$libshutdown$$00000010  c_w.l(libshutdown2.o)
    0x08000254   0x00000000   Code   RO         1399    .ARM.Collect$$rtentry$$00000000  c_w.l(__rtentry.o)
    0x08000254   0x00000000   Code   RO         1484    .ARM.Collect$$rtentry$$00000002  c_w.l(__rtentry2.o)
    0x08000254   0x00000006   Code   RO         1496    .ARM.Collect$$rtentry$$00000004  c_w.l(__rtentry4.o)
    0x0800025a   0x00000000   Code   RO         1486    .ARM.Collect$$rtentry$$00000009  c_w.l(__rtentry2.o)
    0x0800025a   0x00000004   Code   RO         1487    .ARM.Collect$$rtentry$$0000000A  c_w.l(__rtentry2.o)
    0x0800025e   0x00000000   Code   RO         1489    .ARM.Collect$$rtentry$$0000000C  c_w.l(__rtentry2.o)
    0x0800025e   0x00000008   Code   RO         1490    .ARM.Collect$$rtentry$$0000000D  c_w.l(__rtentry2.o)
    0x08000266   0x00000002   Code   RO         1636    .ARM.Collect$$rtexit$$00000000  c_w.l(rtexit.o)
    0x08000268   0x00000000   Code   RO         1669    .ARM.Collect$$rtexit$$00000002  c_w.l(rtexit2.o)
    0x08000268   0x00000004   Code   RO         1670    .ARM.Collect$$rtexit$$00000003  c_w.l(rtexit2.o)
    0x0800026c   0x00000006   Code   RO         1671    .ARM.Collect$$rtexit$$00000004  c_w.l(rtexit2.o)
    0x08000272   0x00000002   PAD
    0x08000274   0x000005e0   Code   RO            3    .text               main.o
    0x08000854   0x00000016   Code   RO          245    .text               stm32f4xx_it.o
    0x0800086a   0x00000002   PAD
    0x0800086c   0x00000210   Code   RO          294    .text               system_stm32f4xx.o
    0x08000a7c   0x00000230   Code   RO          320    .text               common_fcn.o
    0x08000cac   0x000019c0   Code   RO          344    .text               ctrl.o
    0x0800266c   0x00000068   Code   RO          396    .text               led.o
    0x080026d4   0x0000030c   Code   RO          416    .text               exti.o
    0x080029e0   0x0000071c   Code   RO          437    .text               pwm.o
    0x080030fc   0x00000070   Code   RO          459    .text               timer.o
    0x0800316c   0x0000042c   Code   RO          479    .text               usart2.o
    0x08003598   0x000001f4   Code   RO          504    .text               usart3.o
    0x0800378c   0x00000040   Code   RO          529    .text               startup_stm32f40_41xxx.o
    0x080037cc   0x000000e0   Code   RO          535    .text               misc.o
    0x080038ac   0x00000294   Code   RO          555    .text               stm32f4xx_gpio.o
    0x08003b40   0x0000065c   Code   RO          575    .text               stm32f4xx_rcc.o
    0x0800419c   0x00000094   Code   RO          597    .text               stm32f4xx_syscfg.o
    0x08004230   0x00000454   Code   RO          617    .text               stm32f4xx_usart.o
    0x08004684   0x00000ca2   Code   RO          637    .text               stm32f4xx_tim.o
    0x08005326   0x00000002   PAD
    0x08005328   0x00000110   Code   RO          737    .text               stm32f4xx_exti.o
    0x08005438   0x00000148   Code   RO          777    .text               delay.o
    0x08005580   0x00000380   Code   RO          817    .text               usart.o
    0x08005900   0x00000084   Code   RO          846    .text               bsp.o
    0x08005984   0x000002a8   Code   RO          879    .text               cpu_core.o
    0x08005c2c   0x00000034   Code   RO          905    .text               cpu_a.o
    0x08005c60   0x00000256   Code   RO          908    .text               lib_ascii.o
    0x08005eb6   0x00000002   PAD
    0x08005eb8   0x000009c6   Code   RO          941    .text               lib_mem.o
    0x0800687e   0x00000002   PAD
    0x08006880   0x0000092c   Code   RO          960    .text               lib_str.o
    0x080071ac   0x00000220   Code   RO          977    .text               lib_mem_a.o
    0x080073cc   0x000000fc   Code   RO          980    .text               os_cfg_app.o
    0x080074c8   0x00000df0   Code   RO         1003    .text               os_core.o
    0x080082b8   0x000001b0   Code   RO         1015    .text               os_dbg.o
    0x08008468   0x00000e28   Code   RO         1030    .text               os_flag.o
    0x08009290   0x00000444   Code   RO         1042    .text               os_int.o
    0x080096d4   0x00000238   Code   RO         1054    .text               os_mem.o
    0x0800990c   0x0000022c   Code   RO         1066    .text               os_msg.o
    0x08009b38   0x00000ad4   Code   RO         1078    .text               os_mutex.o
    0x0800a60c   0x0000007c   Code   RO         1102    .text               os_prio.o
    0x0800a688   0x000008d8   Code   RO         1121    .text               os_q.o
    0x0800af60   0x00000830   Code   RO         1133    .text               os_sem.o
    0x0800b790   0x00000638   Code   RO         1145    .text               os_stat.o
    0x0800bdc8   0x00001bb8   Code   RO         1157    .text               os_task.o
    0x0800d980   0x000004fc   Code   RO         1169    .text               os_tick.o
    0x0800de7c   0x00000564   Code   RO         1181    .text               os_time.o
    0x0800e3e0   0x00000818   Code   RO         1193    .text               os_tmr.o
    0x0800ebf8   0x000003f8   Code   RO         1221    .text               os_cpu_c.o
    0x0800eff0   0x00000002   Code   RO         1265    .text               c_w.l(use_no_semi_2.o)
    0x0800eff2   0x000000ee   Code   RO         1267    .text               c_w.l(lludivv7m.o)
    0x0800f0e0   0x00000018   Code   RO         1273    .text               c_w.l(noretval__2printf.o)
    0x0800f0f8   0x00000028   Code   RO         1275    .text               c_w.l(noretval__2sprintf.o)
    0x0800f120   0x00000068   Code   RO         1277    .text               c_w.l(__printf.o)
    0x0800f188   0x00000078   Code   RO         1279    .text               c_w.l(_printf_dec.o)
    0x0800f200   0x0000000c   Code   RO         1304    .text               c_w.l(strtok.o)
    0x0800f20c   0x00000080   Code   RO         1307    .text               c_w.l(strcmpv7m.o)
    0x0800f28c   0x00000006   Code   RO         1309    .text               c_w.l(heapauxi.o)
    0x0800f292   0x00000002   Code   RO         1397    .text               c_w.l(use_no_semi.o)
    0x0800f294   0x00000016   Code   RO         1404    .text               c_w.l(_rserrno.o)
    0x0800f2aa   0x000000b2   Code   RO         1406    .text               c_w.l(_printf_intcommon.o)
    0x0800f35c   0x0000041a   Code   RO         1408    .text               c_w.l(_printf_fp_dec.o)
    0x0800f776   0x00000002   PAD
    0x0800f778   0x00000030   Code   RO         1410    .text               c_w.l(_printf_char_common.o)
    0x0800f7a8   0x0000000a   Code   RO         1412    .text               c_w.l(_sputc.o)
    0x0800f7b2   0x00000002   PAD
    0x0800f7b4   0x00000024   Code   RO         1414    .text               c_w.l(_printf_char_file.o)
    0x0800f7d8   0x000000a4   Code   RO         1417    .text               c_w.l(strtod.o)
    0x0800f87c   0x00000044   Code   RO         1419    .text               c_w.l(strtok_int.o)
    0x0800f8c0   0x00000008   Code   RO         1503    .text               c_w.l(rt_locale_intlibspace.o)
    0x0800f8c8   0x00000008   Code   RO         1508    .text               c_w.l(rt_errno_addr_intlibspace.o)
    0x0800f8d0   0x0000008a   Code   RO         1510    .text               c_w.l(lludiv10.o)
    0x0800f95a   0x00000012   Code   RO         1512    .text               c_w.l(isspace.o)
    0x0800f96c   0x00000080   Code   RO         1514    .text               c_w.l(_printf_fp_infnan.o)
    0x0800f9ec   0x00000040   Code   RO         1518    .text               c_w.l(_sgetc.o)
    0x0800fa2c   0x000000dc   Code   RO         1520    .text               c_w.l(bigflt0.o)
    0x0800fb08   0x00000008   Code   RO         1545    .text               c_w.l(ferror.o)
    0x0800fb10   0x00000020   Code   RO         1552    .text               c_w.l(strcspn.o)
    0x0800fb30   0x0000001c   Code   RO         1554    .text               c_w.l(strspn.o)
    0x0800fb4c   0x00000008   Code   RO         1570    .text               c_w.l(libspace.o)
    0x0800fb54   0x0000004a   Code   RO         1573    .text               c_w.l(sys_stackheap_outer.o)
    0x0800fb9e   0x00000002   PAD
    0x0800fba0   0x00000010   Code   RO         1575    .text               c_w.l(rt_ctype_table.o)
    0x0800fbb0   0x000004a4   Code   RO         1577    .text               c_w.l(scanf_fp.o)
    0x08010054   0x00000012   Code   RO         1579    .text               c_w.l(exit.o)
    0x08010066   0x00000002   PAD
    0x08010068   0x00000320   Code   RO         1675    .text               c_w.l(scanf_hexfp.o)
    0x08010388   0x00000134   Code   RO         1677    .text               c_w.l(scanf_infnan.o)
    0x080104bc   0x00000026   Code   RO         1703    .text               c_w.l(llshl.o)
    0x080104e2   0x0000001c   Code   RO         1705    .text               c_w.l(_chval.o)
    0x080104fe   0x0000003e   Code   RO         1523    CL$$btod_d2e        c_w.l(btod.o)
    0x0801053c   0x00000046   Code   RO         1525    CL$$btod_d2e_denorm_low  c_w.l(btod.o)
    0x08010582   0x00000060   Code   RO         1524    CL$$btod_d2e_norm_op1  c_w.l(btod.o)
    0x080105e2   0x00000338   Code   RO         1533    CL$$btod_div_common  c_w.l(btod.o)
    0x0801091a   0x00000002   PAD
    0x0801091c   0x00000054   Code   RO         1531    CL$$btod_e2d        c_w.l(btod.o)
    0x08010970   0x000000c6   Code   RO         1530    CL$$btod_e2e        c_w.l(btod.o)
    0x08010a36   0x00000028   Code   RO         1527    CL$$btod_ediv       c_w.l(btod.o)
    0x08010a5e   0x00000028   Code   RO         1529    CL$$btod_edivd      c_w.l(btod.o)
    0x08010a86   0x00000028   Code   RO         1526    CL$$btod_emul       c_w.l(btod.o)
    0x08010aae   0x00000028   Code   RO         1528    CL$$btod_emuld      c_w.l(btod.o)
    0x08010ad6   0x00000244   Code   RO         1532    CL$$btod_mult_common  c_w.l(btod.o)
    0x08010d1a   0x00000002   PAD
    0x08010d1c   0x000000ac   Code   RO         1245    CODE                os_cpu_a.o
    0x08010dc8   0x00000030   Code   RO         1566    i.__ARM_fpclassify  m_wm.l(fpclassify.o)
    0x08010df8   0x000002d8   Code   RO         1434    i.__hardfp_atan     m_wm.l(atan.o)
    0x080110d0   0x000001f0   Code   RO         1343    i.__hardfp_atan2    m_wm.l(atan2.o)
    0x080112c0   0x00000038   Code   RO         1355    i.__hardfp_atof     m_wm.l(atof.o)
    0x080112f8   0x000000c8   Code   RO         1361    i.__hardfp_cos      m_wm.l(cos.o)
    0x080113c0   0x000000d0   Code   RO         1716    i.__hardfp_ldexp    m_wm.l(ldexp.o)
    0x08011490   0x000000c8   Code   RO         1373    i.__hardfp_sin      m_wm.l(sin.o)
    0x08011558   0x0000007a   Code   RO         1385    i.__hardfp_sqrt     m_wm.l(sqrt.o)
    0x080115d2   0x00000006   PAD
    0x080115d8   0x00000438   Code   RO         1472    i.__ieee754_rem_pio2  m_wm.l(rred.o)
    0x08011a10   0x00000170   Code   RO         1448    i.__kernel_cos      m_wm.l(cos_i.o)
    0x08011b80   0x000000f8   Code   RO         1568    i.__kernel_poly     m_wm.l(poly.o)
    0x08011c78   0x00000130   Code   RO         1477    i.__kernel_sin      m_wm.l(sin_i.o)
    0x08011da8   0x00000014   Code   RO         1452    i.__mathlib_dbl_infnan  m_wm.l(dunder.o)
    0x08011dbc   0x00000014   Code   RO         1453    i.__mathlib_dbl_infnan2  m_wm.l(dunder.o)
    0x08011dd0   0x00000020   Code   RO         1454    i.__mathlib_dbl_invalid  m_wm.l(dunder.o)
    0x08011df0   0x00000020   Code   RO         1455    i.__mathlib_dbl_overflow  m_wm.l(dunder.o)
    0x08011e10   0x00000020   Code   RO         1457    i.__mathlib_dbl_underflow  m_wm.l(dunder.o)
    0x08011e30   0x000000b8   Code   RO         1661    i.__mathlib_narrow  m_wm.l(narrow.o)
    0x08011ee8   0x00000014   Code   RO         1718    i.__support_ldexp   m_wm.l(ldexp.o)
    0x08011efc   0x0000000e   Code   RO         1291    i._is_digit         c_w.l(__printf_wp.o)
    0x08011f0a   0x00000010   Code   RO         1436    i.atan              m_wm.l(atan.o)
    0x08011f1a   0x00000018   Code   RO         1467    i.fabs              m_wm.l(fabs.o)
    0x08011f32   0x00000006   PAD
    0x08011f38   0x0000008c   Code   RO         1693    i.frexp             m_wm.l(frexp.o)
    0x08011fc4   0x0000002c   Code   RO         1550    locale$$code        c_w.l(lc_numeric_c.o)
    0x08011ff0   0x0000002c   Code   RO         1641    locale$$code        c_w.l(lc_ctype_c.o)
    0x0801201c   0x00000018   Code   RO         1313    x$fpl$basic         fz_wm.l(basic.o)
    0x08012034   0x00000062   Code   RO         1315    x$fpl$d2f           fz_wm.l(d2f.o)
    0x08012096   0x00000002   PAD
    0x08012098   0x00000150   Code   RO         1317    x$fpl$dadd          fz_wm.l(daddsub_clz.o)
    0x080121e8   0x00000010   Code   RO         1767    x$fpl$dcheck1       fz_wm.l(dcheck1.o)
    0x080121f8   0x00000018   Code   RO         1556    x$fpl$dcmpinf       fz_wm.l(dcmpi.o)
    0x08012210   0x000002b0   Code   RO         1324    x$fpl$ddiv          fz_wm.l(ddiv.o)
    0x080124c0   0x00000078   Code   RO         1687    x$fpl$deqf          fz_wm.l(deqf.o)
    0x08012538   0x0000005e   Code   RO         1558    x$fpl$dfix          fz_wm.l(dfix.o)
    0x08012596   0x00000002   PAD
    0x08012598   0x0000005a   Code   RO         1327    x$fpl$dfixu         fz_wm.l(dfixu.o)
    0x080125f2   0x0000002e   Code   RO         1332    x$fpl$dflt          fz_wm.l(dflt_clz.o)
    0x08012620   0x00000026   Code   RO         1331    x$fpl$dfltu         fz_wm.l(dflt_clz.o)
    0x08012646   0x00000002   PAD
    0x08012648   0x00000078   Code   RO         1421    x$fpl$dleqf         fz_wm.l(dleqf.o)
    0x080126c0   0x00000154   Code   RO         1337    x$fpl$dmul          fz_wm.l(dmul.o)
    0x08012814   0x0000009c   Code   RO         1423    x$fpl$dnaninf       fz_wm.l(dnaninf.o)
    0x080128b0   0x0000000c   Code   RO         1425    x$fpl$dretinf       fz_wm.l(dretinf.o)
    0x080128bc   0x0000006c   Code   RO         1689    x$fpl$drleqf        fz_wm.l(drleqf.o)
    0x08012928   0x00000016   Code   RO         1318    x$fpl$drsb          fz_wm.l(daddsub_clz.o)
    0x0801293e   0x00000002   PAD
    0x08012940   0x00000198   Code   RO         1427    x$fpl$dsqrt         fz_wm.l(dsqrt_umaal.o)
    0x08012ad8   0x000001d4   Code   RO         1319    x$fpl$dsub          fz_wm.l(daddsub_clz.o)
    0x08012cac   0x00000056   Code   RO         1339    x$fpl$f2d           fz_wm.l(f2d.o)
    0x08012d02   0x0000008c   Code   RO         1429    x$fpl$fnaninf       fz_wm.l(fnaninf.o)
    0x08012d8e   0x0000000a   Code   RO         1652    x$fpl$fpinit        fz_wm.l(fpinit.o)
    0x08012d98   0x0000000a   Code   RO         1431    x$fpl$fretinf       fz_wm.l(fretinf.o)
    0x08012da2   0x00000004   Code   RO         1341    x$fpl$printf1       fz_wm.l(printf1.o)
    0x08012da6   0x00000064   Code   RO         1769    x$fpl$retnan        fz_wm.l(retnan.o)
    0x08012e0a   0x0000005c   Code   RO         1765    x$fpl$scalbn        fz_wm.l(scalbn.o)
    0x08012e66   0x00000004   Code   RO         1564    x$fpl$scanf1        fz_wm.l(scanf1.o)
    0x08012e6a   0x00000008   Code   RO         1654    x$fpl$scanf2        fz_wm.l(scanf2.o)
    0x08012e72   0x00000030   Code   RO         1771    x$fpl$trapveneer    fz_wm.l(trapv.o)
    0x08012ea2   0x00000000   Code   RO         1433    x$fpl$usenofp       fz_wm.l(usenofp.o)
    0x08012ea2   0x00000002   PAD
    0x08012ea4   0x00000104   Data   RO          881    .constdata          cpu_core.o
    0x08012fa8   0x00000094   Data   RO          961    .constdata          lib_str.o
    0x0801303c   0x000000a4   Data   RO          982    .constdata          os_cfg_app.o
    0x080130e0   0x0000016c   Data   RO         1016    .constdata          os_dbg.o
    0x0801324c   0x00000004   PAD
    0x08013250   0x00000098   Data   RO         1437    .constdata          m_wm.l(atan.o)
    0x080132e8   0x00000030   Data   RO         1449    .constdata          m_wm.l(cos_i.o)
    0x08013318   0x00000008   Data   RO         1471    .constdata          m_wm.l(qnan.o)
    0x08013320   0x000000c8   Data   RO         1474    .constdata          m_wm.l(rred.o)
    0x080133e8   0x00000028   Data   RO         1478    .constdata          m_wm.l(sin_i.o)
    0x08013410   0x00000094   Data   RO         1521    .constdata          c_w.l(bigflt0.o)
    0x080134a4   0x00000020   Data   RO         1773    Region$$Table       anon$$obj.o
    0x080134c4   0x00000008   Data   RO         1649    c$$dinf             fz_wm.l(fpconst.o)
    0x080134cc   0x0000001c   Data   RO         1549    locale$$data        c_w.l(lc_numeric_c.o)
    0x080134e8   0x00000110   Data   RO         1640    locale$$data        c_w.l(lc_ctype_c.o)


    Execution Region RW_IRAM1 (Base: 0x20000000, Size: 0x00003b70, Max: 0x00020000, ABSOLUTE, COMPRESSED[0x00000030])

    Base Addr    Size         Type   Attr      Idx    E Section Name        Object

    0x20000000   0x00000014   Data   RW          295    .data               system_stm32f4xx.o
    0x20000014   0x00000018   Data   RW          322    .data               common_fcn.o
    0x2000002c   0x00000094   Data   RW          346    .data               ctrl.o
    0x200000c0   0x00000024   Data   RW          438    .data               pwm.o
    0x200000e4   0x0000002c   Data   RW          481    .data               usart2.o
    0x20000110   0x0000000b   Data   RW          506    .data               usart3.o
    0x2000011b   0x00000010   Data   RW          576    .data               stm32f4xx_rcc.o
    0x2000012b   0x00000001   PAD
    0x2000012c   0x00000004   Data   RW          778    .data               delay.o
    0x20000130   0x00000009   Data   RW          819    .data               usart.o
    0x20000139   0x00000003   PAD
    0x2000013c   0x00000004   Data   RW          882    .data               cpu_core.o
    0x20000140   0x00000004   Data   RW          943    .data               lib_mem.o
    0x20000144   0x00000008   Data   RW         1103    .data               os_prio.o
    0x2000014c   0x000000c8   Data   RW         1206    .data               os_var.o
    0x20000214   0x00000004   Data   RW         1222    .data               os_cpu_c.o
    0x20000218   0x00000004   Data   RW         1305    .data               c_w.l(strtok.o)
    0x2000021c   0x000011d4   Zero   RW            4    .bss                main.o
    0x200013f0   0x00000058   Zero   RW          321    .bss                common_fcn.o
    0x20001448   0x0000000c   Zero   RW          345    .bss                ctrl.o
    0x20001454   0x0000000b   Zero   RW          480    .bss                usart2.o
    0x2000145f   0x0000000e   Zero   RW          505    .bss                usart3.o
    0x2000146d   0x000000d5   Zero   RW          818    .bss                usart.o
    0x20001542   0x00000010   Zero   RW          880    .bss                cpu_core.o
    0x20001552   0x00000002   PAD
    0x20001554   0x00000448   Zero   RW          942    .bss                lib_mem.o
    0x2000199c   0x00001490   Zero   RW          981    .bss                os_cfg_app.o
    0x20002e2c   0x000006e0   Zero   RW         1205    .bss                os_var.o
    0x2000350c   0x00000060   Zero   RW         1571    .bss                c_w.l(libspace.o)
    0x2000356c   0x00000004   PAD
    0x20003570   0x00000200   Zero   RW          527    HEAP                startup_stm32f40_41xxx.o
    0x20003770   0x00000400   Zero   RW          526    STACK               startup_stm32f40_41xxx.o


==============================================================================

Image component sizes


      Code (inc. data)   RO Data    RW Data    ZI Data      Debug   Object Name

       132         14          0          0          0       1251   bsp.o
       560         12          0         24         88       2360   common_fcn.o
        52          0          0          0          0        364   cpu_a.o
       680         14        260          4         16      14899   cpu_core.o
      6592        506          0        148         12      11527   ctrl.o
       328         24          0          4          0       1957   delay.o
       780         92          0          0          0       1664   exti.o
       104         10          0          0          0        915   led.o
       598          0          0          0          0       4000   lib_ascii.o
      2502         32          0          4       1096      22504   lib_mem.o
       544          0          0          0          0        512   lib_mem_a.o
      2348          6        148          0          0      14002   lib_str.o
      1504        188          0          0       4564     329052   main.o
       224         20          0          0          0       2025   misc.o
       252        166        164          0       5264      21042   os_cfg_app.o
      3568        284          0          0          0      12693   os_core.o
       172         32          0          0          0        432   os_cpu_a.o
      1016         64          0          4          0       4217   os_cpu_c.o
       432        286        364          0          0       4869   os_dbg.o
      3624        110          0          0          0       8327   os_flag.o
      1092        146          0          0          0       2436   os_int.o
       568         20          0          0          0       2956   os_mem.o
       556         12          0          0          0       2943   os_msg.o
      2772        114          0          0          0       5862   os_mutex.o
       124          4          0          8          0       2012   os_prio.o
      2264         76          0          0          0       6628   os_q.o
      2096         70          0          0          0       6648   os_sem.o
      1592        180          0          0          0       2913   os_stat.o
      7096        270          0          0          0      14478   os_task.o
      1276         90          0          0          0       3533   os_tick.o
      1380         46          0          0          0       3389   os_time.o
      2072        140          0          0          0       6774   os_tmr.o
         0          0          0        200       1760      19405   os_var.o
      1820         96          0         36          0       3982   pwm.o
        64         26        392          0       1536        872   startup_stm32f40_41xxx.o
       272         10          0          0          0       2495   stm32f4xx_exti.o
       660         44          0          0          0       4361   stm32f4xx_gpio.o
        22          0          0          0          0       1071   stm32f4xx_it.o
      1628         52          0         16          0      13300   stm32f4xx_rcc.o
       148         12          0          0          0       1933   stm32f4xx_syscfg.o
      3234         60          0          0          0      23220   stm32f4xx_tim.o
      1108         34          0          0          0       8092   stm32f4xx_usart.o
       528         46          0         20          0       1887   system_stm32f4xx.o
       112          6          0          0          0        852   timer.o
       896         72          0          9        213       5993   usart.o
      1068         92          0         44         11       3702   usart2.o
       500         32          0         11         14       2761   usart3.o

    ----------------------------------------------------------------------
     60968       3610       1364        536      14576     613110   Object Totals
         0          0         32          0          0          0   (incl. Generated)
         8          0          4          4          2          0   (incl. Padding)

    ----------------------------------------------------------------------

      Code (inc. data)   RO Data    RW Data    ZI Data      Debug   Library Member Name

        58          0          0          0          0          0   __dczerorl.o
         8          0          0          0          0         68   __main.o
       104          0          0          0          0         84   __printf.o
        14          0          0          0          0         68   __printf_wp.o
         0          0          0          0          0          0   __rtentry.o
        12          0          0          0          0          0   __rtentry2.o
         6          0          0          0          0          0   __rtentry4.o
        52          8          0          0          0          0   __scatter.o
        28          0          0          0          0          0   __scatter_zi.o
        28          0          0          0          0         68   _chval.o
        48          6          0          0          0         96   _printf_char_common.o
        36          4          0          0          0         80   _printf_char_file.o
         6          0          0          0          0          0   _printf_d.o
       120         16          0          0          0         92   _printf_dec.o
         6          0          0          0          0          0   _printf_f.o
      1050          0          0          0          0        216   _printf_fp_dec.o
       128         16          0          0          0         84   _printf_fp_infnan.o
       178          0          0          0          0         88   _printf_intcommon.o
         0          0          0          0          0          0   _printf_percent.o
         4          0          0          0          0          0   _printf_percent_end.o
        22          0          0          0          0        100   _rserrno.o
        64          0          0          0          0         84   _sgetc.o
        10          0          0          0          0         68   _sputc.o
       220          4        148          0          0         96   bigflt0.o
      2074        132          0          0          0        940   btod.o
        18          0          0          0          0         80   exit.o
         8          0          0          0          0         68   ferror.o
         6          0          0          0          0        152   heapauxi.o
        18          0          0          0          0         76   isspace.o
        44         10        272          0          0         76   lc_ctype_c.o
        44         10         28          0          0         76   lc_numeric_c.o
         2          0          0          0          0          0   libinit.o
        34          0          0          0          0          0   libinit2.o
         2          0          0          0          0          0   libshutdown.o
         2          0          0          0          0          0   libshutdown2.o
         8          4          0          0         96         68   libspace.o
        38          0          0          0          0         68   llshl.o
       138          0          0          0          0         80   lludiv10.o
       238          0          0          0          0        100   lludivv7m.o
        24          4          0          0          0         84   noretval__2printf.o
        40          6          0          0          0         84   noretval__2sprintf.o
        16          4          0          0          0         76   rt_ctype_table.o
         8          4          0          0          0         68   rt_errno_addr_intlibspace.o
         8          4          0          0          0         68   rt_locale_intlibspace.o
         2          0          0          0          0          0   rtexit.o
        10          0          0          0          0          0   rtexit2.o
      1188         12          0          0          0        148   scanf_fp.o
       800         14          0          0          0        100   scanf_hexfp.o
       308         16          0          0          0        100   scanf_infnan.o
       128          0          0          0          0         68   strcmpv7m.o
        32          0          0          0          0         80   strcspn.o
        28          0          0          0          0         80   strspn.o
       164         14          0          0          0        120   strtod.o
        12          6          0          4          0         68   strtok.o
        68          4          0          0          0         84   strtok_int.o
        74          0          0          0          0         80   sys_stackheap_outer.o
         2          0          0          0          0         68   use_no_semi.o
         2          0          0          0          0         68   use_no_semi_2.o
        24          0          0          0          0        164   basic.o
        98          4          0          0          0        140   d2f.o
       826         16          0          0          0        492   daddsub_clz.o
        16          4          0          0          0        116   dcheck1.o
        24          0          0          0          0        116   dcmpi.o
       688        140          0          0          0        256   ddiv.o
       120          4          0          0          0        140   deqf.o
        94          4          0          0          0        140   dfix.o
        90          4          0          0          0        140   dfixu.o
        84          0          0          0          0        232   dflt_clz.o
       120          4          0          0          0        140   dleqf.o
       340         12          0          0          0        152   dmul.o
       156          4          0          0          0        140   dnaninf.o
        12          0          0          0          0        116   dretinf.o
       108          0          0          0          0        128   drleqf.o
       408         56          0          0          0        168   dsqrt_umaal.o
        86          4          0          0          0        132   f2d.o
       140          4          0          0          0        132   fnaninf.o
         0          0          8          0          0          0   fpconst.o
        10          0          0          0          0        116   fpinit.o
        10          0          0          0          0        116   fretinf.o
         4          0          0          0          0        116   printf1.o
       100          0          0          0          0        116   retnan.o
        92          0          0          0          0        116   scalbn.o
         4          0          0          0          0        116   scanf1.o
         8          0          0          0          0        132   scanf2.o
        48          0          0          0          0        116   trapv.o
         0          0          0          0          0          0   usenofp.o
       744        106        152          0          0        352   atan.o
       496         64          0          0          0        192   atan2.o
        56         12          0          0          0        132   atof.o
       200         20          0          0          0        164   cos.o
       368         46         48          0          0        200   cos_i.o
       136         24          0          0          0        620   dunder.o
        24          0          0          0          0        124   fabs.o
        48          0          0          0          0        124   fpclassify.o
       140         22          0          0          0        132   frexp.o
       228          8          0          0          0        308   ldexp.o
       184         18          0          0          0        152   narrow.o
       248          0          0          0          0        152   poly.o
         0          0          8          0          0          0   qnan.o
      1080        142        200          0          0        188   rred.o
       200         20          0          0          0        164   sin.o
       304         24         40          0          0        208   sin_i.o
       122          0          0          0          0        148   sqrt.o

    ----------------------------------------------------------------------
     16116       1066        904          4        100      11868   Library Totals
        38          2          0          0          4          0   (incl. Padding)

    ----------------------------------------------------------------------

      Code (inc. data)   RO Data    RW Data    ZI Data      Debug   Library Name

      7790        298        448          4         96       4520   c_w.l
      3710        260          8          0          0       3988   fz_wm.l
      4578        506        448          0          0       3360   m_wm.l

    ----------------------------------------------------------------------
     16116       1066        904          4        100      11868   Library Totals

    ----------------------------------------------------------------------

==============================================================================


      Code (inc. data)   RO Data    RW Data    ZI Data      Debug   

     77084       4676       2268        540      14676     607030   Grand Totals
     77084       4676       2268         48      14676     607030   ELF Image Totals (compressed)
     77084       4676       2268         48          0          0   ROM Totals

==============================================================================

    Total RO  Size (Code + RO Data)                79352 (  77.49kB)
    Total RW  Size (RW Data + ZI Data)             15216 (  14.86kB)
    Total ROM Size (Code + RO Data + RW Data)      79400 (  77.54kB)

==============================================================================

